[2021-04-28T11:57:30.008+0530][0.027s] Heap region size: 1M
[2021-04-28T11:57:30.468+0530][0.487s] Using G1
[2021-04-28T11:57:30.468+0530][0.487s] Heap address: 0x00000000e0000000, size: 512 MB, Compressed Oops mode: 32-bit
[2021-04-28T11:57:36.944+0530][6.963s] GC(0) Pause Young (Normal) (G1 Evacuation Pause)
[2021-04-28T11:57:36.945+0530][6.963s] GC(0) Using 4 workers of 4 for evacuation
[2021-04-28T11:57:36.949+0530][6.968s] GC(0)   Pre Evacuate Collection Set: 0.0ms
[2021-04-28T11:57:36.949+0530][6.968s] GC(0)   Evacuate Collection Set: 4.2ms
[2021-04-28T11:57:36.949+0530][6.968s] GC(0)   Post Evacuate Collection Set: 0.3ms
[2021-04-28T11:57:36.950+0530][6.968s] GC(0)   Other: 0.6ms
[2021-04-28T11:57:36.950+0530][6.968s] GC(0) Eden regions: 25->0(25)
[2021-04-28T11:57:36.962+0530][6.980s] GC(0) Survivor regions: 0->4(4)
[2021-04-28T11:57:36.962+0530][6.980s] GC(0) Old regions: 0->3
[2021-04-28T11:57:36.962+0530][6.980s] GC(0) Humongous regions: 0->0
[2021-04-28T11:57:36.962+0530][6.980s] GC(0) Metaspace: 9475K->9475K(1058816K)
[2021-04-28T11:57:36.962+0530][6.980s] GC(0) Pause Young (Normal) (G1 Evacuation Pause) 25M->6M(512M) 17.588ms
[2021-04-28T11:57:36.962+0530][6.981s] GC(0) User=0.05s Sys=0.00s Real=0.02s
[2021-04-28T11:57:37.471+0530][7.490s] GC(1) Pause Young (Normal) (G1 Evacuation Pause)
[2021-04-28T11:57:37.471+0530][7.490s] GC(1) Using 4 workers of 4 for evacuation
[2021-04-28T11:57:37.475+0530][7.493s] GC(1)   Pre Evacuate Collection Set: 0.0ms
[2021-04-28T11:57:37.475+0530][7.493s] GC(1)   Evacuate Collection Set: 2.9ms
[2021-04-28T11:57:37.475+0530][7.493s] GC(1)   Post Evacuate Collection Set: 0.3ms
[2021-04-28T11:57:37.475+0530][7.493s] GC(1)   Other: 0.2ms
[2021-04-28T11:57:37.475+0530][7.493s] GC(1) Eden regions: 21->0(41)
[2021-04-28T11:57:37.475+0530][7.493s] GC(1) Survivor regions: 4->1(4)
[2021-04-28T11:57:37.475+0530][7.493s] GC(1) Old regions: 3->7
[2021-04-28T11:57:37.475+0530][7.493s] GC(1) Humongous regions: 0->0
[2021-04-28T11:57:37.475+0530][7.493s] GC(1) Metaspace: 11981K->11981K(1060864K)
[2021-04-28T11:57:37.475+0530][7.493s] GC(1) Pause Young (Normal) (G1 Evacuation Pause) 27M->7M(512M) 3.646ms
[2021-04-28T11:57:37.475+0530][7.493s] GC(1) User=0.00s Sys=0.00s Real=0.00s
[2021-04-28T11:57:37.993+0530][8.012s] GC(2) Pause Young (Normal) (G1 Evacuation Pause)
[2021-04-28T11:57:37.993+0530][8.012s] GC(2) Using 4 workers of 4 for evacuation
[2021-04-28T11:57:37.996+0530][8.015s] GC(2)   Pre Evacuate Collection Set: 0.0ms
[2021-04-28T11:57:37.996+0530][8.015s] GC(2)   Evacuate Collection Set: 2.9ms
[2021-04-28T11:57:37.996+0530][8.015s] GC(2)   Post Evacuate Collection Set: 0.3ms
[2021-04-28T11:57:37.997+0530][8.015s] GC(2)   Other: 0.2ms
[2021-04-28T11:57:37.997+0530][8.015s] GC(2) Eden regions: 41->0(56)
[2021-04-28T11:57:37.997+0530][8.015s] GC(2) Survivor regions: 1->3(6)
[2021-04-28T11:57:37.997+0530][8.015s] GC(2) Old regions: 7->7
[2021-04-28T11:57:37.997+0530][8.015s] GC(2) Humongous regions: 0->0
[2021-04-28T11:57:37.997+0530][8.015s] GC(2) Metaspace: 17271K->17271K(1064960K)
[2021-04-28T11:57:37.997+0530][8.015s] GC(2) Pause Young (Normal) (G1 Evacuation Pause) 48M->8M(512M) 3.804ms
[2021-04-28T11:57:37.997+0530][8.015s] GC(2) User=0.06s Sys=0.00s Real=0.00s
[2021-04-28T11:57:38.440+0530][8.458s] GC(3) Pause Young (Concurrent Start) (Metadata GC Threshold)
[2021-04-28T11:57:38.440+0530][8.458s] GC(3) Using 4 workers of 4 for evacuation
[2021-04-28T11:57:38.454+0530][8.472s] GC(3)   Pre Evacuate Collection Set: 0.0ms
[2021-04-28T11:57:38.454+0530][8.472s] GC(3)   Evacuate Collection Set: 13.2ms
[2021-04-28T11:57:38.454+0530][8.472s] GC(3)   Post Evacuate Collection Set: 0.4ms
[2021-04-28T11:57:38.454+0530][8.472s] GC(3)   Other: 0.2ms
[2021-04-28T11:57:38.454+0530][8.472s] GC(3) Eden regions: 20->0(63)
[2021-04-28T11:57:38.454+0530][8.472s] GC(3) Survivor regions: 3->8(8)
[2021-04-28T11:57:38.454+0530][8.472s] GC(3) Old regions: 7->9
[2021-04-28T11:57:38.454+0530][8.472s] GC(3) Humongous regions: 4->4
[2021-04-28T11:57:38.454+0530][8.472s] GC(3) Metaspace: 20705K->20705K(1069056K)
[2021-04-28T11:57:38.454+0530][8.473s] GC(3) Pause Young (Concurrent Start) (Metadata GC Threshold) 32M->20M(512M) 14.300ms
[2021-04-28T11:57:38.454+0530][8.473s] GC(3) User=0.06s Sys=0.00s Real=0.01s
[2021-04-28T11:57:38.454+0530][8.473s] GC(4) Concurrent Cycle
[2021-04-28T11:57:38.454+0530][8.473s] GC(4) Concurrent Clear Claimed Marks
[2021-04-28T11:57:38.454+0530][8.473s] GC(4) Concurrent Clear Claimed Marks 0.043ms
[2021-04-28T11:57:38.454+0530][8.473s] GC(4) Concurrent Scan Root Regions
[2021-04-28T11:57:38.462+0530][8.480s] GC(4) Concurrent Scan Root Regions 7.539ms
[2021-04-28T11:57:38.462+0530][8.480s] GC(4) Concurrent Mark (8.480s)
[2021-04-28T11:57:38.462+0530][8.480s] GC(4) Concurrent Mark From Roots
[2021-04-28T11:57:38.462+0530][8.481s] GC(4) Using 1 workers of 1 for marking
[2021-04-28T11:57:38.476+0530][8.494s] GC(4) Concurrent Mark From Roots 13.848ms
[2021-04-28T11:57:38.476+0530][8.494s] GC(4) Concurrent Preclean
[2021-04-28T11:57:38.476+0530][8.495s] GC(4) Concurrent Preclean 0.197ms
[2021-04-28T11:57:38.476+0530][8.495s] GC(4) Concurrent Mark (8.480s, 8.495s) 14.195ms
[2021-04-28T11:57:38.476+0530][8.495s] GC(4) Pause Remark
[2021-04-28T11:57:38.478+0530][8.497s] GC(4) Cleaned string and symbol table, strings: 9538 processed, 1 removed, symbols: 68055 processed, 21 removed
[2021-04-28T11:57:38.479+0530][8.497s] GC(4) Pause Remark 21M->21M(512M) 2.238ms
[2021-04-28T11:57:38.479+0530][8.497s] GC(4) User=0.00s Sys=0.02s Real=0.00s
[2021-04-28T11:57:38.479+0530][8.497s] GC(4) Concurrent Rebuild Remembered Sets
[2021-04-28T11:57:38.487+0530][8.505s] GC(4) Concurrent Rebuild Remembered Sets 8.138ms
[2021-04-28T11:57:38.487+0530][8.505s] GC(4) Pause Cleanup
[2021-04-28T11:57:38.487+0530][8.506s] GC(4) Pause Cleanup 22M->22M(512M) 0.155ms
[2021-04-28T11:57:38.487+0530][8.506s] GC(4) User=0.00s Sys=0.00s Real=0.00s
[2021-04-28T11:57:38.487+0530][8.506s] GC(4) Concurrent Cleanup for Next Mark
[2021-04-28T11:57:38.488+0530][8.506s] GC(4) Concurrent Cleanup for Next Mark 0.683ms
[2021-04-28T11:57:38.488+0530][8.507s] GC(4) Concurrent Cycle 33.805ms
[2021-04-28T11:57:40.035+0530][10.053s] GC(5) Pause Young (Normal) (G1 Evacuation Pause)
[2021-04-28T11:57:40.035+0530][10.053s] GC(5) Using 4 workers of 4 for evacuation
[2021-04-28T11:57:40.049+0530][10.068s] GC(5)   Pre Evacuate Collection Set: 0.0ms
[2021-04-28T11:57:40.049+0530][10.068s] GC(5)   Evacuate Collection Set: 13.5ms
[2021-04-28T11:57:40.049+0530][10.068s] GC(5)   Post Evacuate Collection Set: 0.9ms
[2021-04-28T11:57:40.049+0530][10.068s] GC(5)   Other: 0.3ms
[2021-04-28T11:57:40.049+0530][10.068s] GC(5) Eden regions: 60->0(87)
[2021-04-28T11:57:40.050+0530][10.068s] GC(5) Survivor regions: 8->4(9)
[2021-04-28T11:57:40.050+0530][10.068s] GC(5) Old regions: 9->17
[2021-04-28T11:57:40.050+0530][10.068s] GC(5) Humongous regions: 4->4
[2021-04-28T11:57:40.050+0530][10.068s] GC(5) Metaspace: 27013K->27013K(1073152K)
[2021-04-28T11:57:40.050+0530][10.069s] GC(5) Pause Young (Normal) (G1 Evacuation Pause) 80M->24M(512M) 15.164ms
[2021-04-28T11:57:40.050+0530][10.069s] GC(5) User=0.06s Sys=0.00s Real=0.02s
[2021-04-28T11:57:41.074+0530][11.092s] GC(6) Pause Young (Concurrent Start) (Metadata GC Threshold)
[2021-04-28T11:57:41.074+0530][11.092s] GC(6) Using 4 workers of 4 for evacuation
[2021-04-28T11:57:41.080+0530][11.099s] GC(6)   Pre Evacuate Collection Set: 0.0ms
[2021-04-28T11:57:41.080+0530][11.099s] GC(6)   Evacuate Collection Set: 6.0ms
[2021-04-28T11:57:41.080+0530][11.099s] GC(6)   Post Evacuate Collection Set: 0.4ms
[2021-04-28T11:57:41.080+0530][11.099s] GC(6)   Other: 0.3ms
[2021-04-28T11:57:41.080+0530][11.099s] GC(6) Eden regions: 61->0(302)
[2021-04-28T11:57:41.080+0530][11.099s] GC(6) Survivor regions: 4->5(12)
[2021-04-28T11:57:41.081+0530][11.099s] GC(6) Old regions: 17->17
[2021-04-28T11:57:41.081+0530][11.099s] GC(6) Humongous regions: 4->4
[2021-04-28T11:57:41.081+0530][11.099s] GC(6) Metaspace: 35079K->35079K(1081344K)
[2021-04-28T11:57:41.081+0530][11.099s] GC(6) Pause Young (Concurrent Start) (Metadata GC Threshold) 84M->24M(512M) 7.047ms
[2021-04-28T11:57:41.081+0530][11.099s] GC(6) User=0.00s Sys=0.00s Real=0.01s
[2021-04-28T11:57:41.081+0530][11.099s] GC(7) Concurrent Cycle
[2021-04-28T11:57:41.081+0530][11.099s] GC(7) Concurrent Clear Claimed Marks
[2021-04-28T11:57:41.081+0530][11.100s] GC(7) Concurrent Clear Claimed Marks 0.068ms
[2021-04-28T11:57:41.081+0530][11.100s] GC(7) Concurrent Scan Root Regions
[2021-04-28T11:57:41.086+0530][11.104s] GC(7) Concurrent Scan Root Regions 4.730ms
[2021-04-28T11:57:41.086+0530][11.104s] GC(7) Concurrent Mark (11.104s)
[2021-04-28T11:57:41.086+0530][11.104s] GC(7) Concurrent Mark From Roots
[2021-04-28T11:57:41.086+0530][11.104s] GC(7) Using 1 workers of 1 for marking
[2021-04-28T11:57:41.132+0530][11.151s] GC(7) Concurrent Mark From Roots 46.269ms
[2021-04-28T11:57:41.132+0530][11.151s] GC(7) Concurrent Preclean
[2021-04-28T11:57:41.133+0530][11.151s] GC(7) Concurrent Preclean 0.244ms
[2021-04-28T11:57:41.133+0530][11.151s] GC(7) Concurrent Mark (11.104s, 11.151s) 46.673ms
[2021-04-28T11:57:41.133+0530][11.152s] GC(7) Pause Remark
[2021-04-28T11:57:41.137+0530][11.156s] GC(7) Cleaned string and symbol table, strings: 15095 processed, 21 removed, symbols: 111991 processed, 40 removed
[2021-04-28T11:57:41.137+0530][11.156s] GC(7) Pause Remark 26M->26M(512M) 4.083ms
[2021-04-28T11:57:41.138+0530][11.156s] GC(7) User=0.06s Sys=0.00s Real=0.01s
[2021-04-28T11:57:41.138+0530][11.156s] GC(7) Concurrent Rebuild Remembered Sets
[2021-04-28T11:57:41.162+0530][11.180s] GC(7) Concurrent Rebuild Remembered Sets 23.871ms
[2021-04-28T11:57:41.170+0530][11.188s] GC(7) Pause Cleanup
[2021-04-28T11:57:41.170+0530][11.189s] GC(7) Pause Cleanup 26M->26M(512M) 0.153ms
[2021-04-28T11:57:41.170+0530][11.189s] GC(7) User=0.00s Sys=0.00s Real=0.00s
[2021-04-28T11:57:41.170+0530][11.189s] GC(7) Concurrent Cleanup for Next Mark
[2021-04-28T11:57:41.171+0530][11.189s] GC(7) Concurrent Cleanup for Next Mark 0.637ms
[2021-04-28T11:57:41.171+0530][11.189s] GC(7) Concurrent Cycle 89.982ms
[2021-04-28T12:02:32.411+0530][302.430s] GC(8) Pause Young (Concurrent Start) (G1 Evacuation Pause)
[2021-04-28T12:02:32.411+0530][302.430s] GC(8) Using 4 workers of 4 for evacuation
[2021-04-28T12:02:32.427+0530][302.446s] GC(8)   Pre Evacuate Collection Set: 0.1ms
[2021-04-28T12:02:32.427+0530][302.446s] GC(8)   Evacuate Collection Set: 15.0ms
[2021-04-28T12:02:32.427+0530][302.446s] GC(8)   Post Evacuate Collection Set: 0.9ms
[2021-04-28T12:02:32.427+0530][302.446s] GC(8)   Other: 0.3ms
[2021-04-28T12:02:32.427+0530][302.446s] GC(8) Eden regions: 302->0(293)
[2021-04-28T12:02:32.427+0530][302.446s] GC(8) Survivor regions: 5->14(39)
[2021-04-28T12:02:32.428+0530][302.446s] GC(8) Old regions: 17->17
[2021-04-28T12:02:32.428+0530][302.446s] GC(8) Humongous regions: 6->5
[2021-04-28T12:02:32.428+0530][302.446s] GC(8) Metaspace: 51391K->51391K(1095680K)
[2021-04-28T12:02:32.428+0530][302.447s] GC(8) Pause Young (Concurrent Start) (G1 Evacuation Pause) 328M->35M(512M) 16.694ms
[2021-04-28T12:02:32.428+0530][302.447s] GC(8) User=0.06s Sys=0.00s Real=0.02s
[2021-04-28T12:02:32.428+0530][302.447s] GC(9) Concurrent Cycle
[2021-04-28T12:02:32.428+0530][302.447s] GC(9) Concurrent Clear Claimed Marks
[2021-04-28T12:02:32.428+0530][302.447s] GC(9) Concurrent Clear Claimed Marks 0.086ms
[2021-04-28T12:02:32.428+0530][302.447s] GC(9) Concurrent Scan Root Regions
[2021-04-28T12:02:32.441+0530][302.460s] GC(9) Concurrent Scan Root Regions 13.036ms
[2021-04-28T12:02:32.441+0530][302.460s] GC(9) Concurrent Mark (302.460s)
[2021-04-28T12:02:32.441+0530][302.460s] GC(9) Concurrent Mark From Roots
[2021-04-28T12:02:32.441+0530][302.460s] GC(9) Using 1 workers of 1 for marking
[2021-04-28T12:02:32.488+0530][302.507s] GC(9) Concurrent Mark From Roots 47.015ms
[2021-04-28T12:02:32.488+0530][302.507s] GC(9) Concurrent Preclean
[2021-04-28T12:02:32.489+0530][302.507s] GC(9) Concurrent Preclean 0.255ms
[2021-04-28T12:02:32.489+0530][302.507s] GC(9) Concurrent Mark (302.460s, 302.507s) 47.437ms
[2021-04-28T12:02:32.489+0530][302.508s] GC(9) Pause Remark
[2021-04-28T12:02:32.495+0530][302.513s] GC(9) Cleaned string and symbol table, strings: 21844 processed, 0 removed, symbols: 155219 processed, 192 removed
[2021-04-28T12:02:32.495+0530][302.514s] GC(9) Pause Remark 41M->41M(512M) 6.093ms
[2021-04-28T12:02:32.495+0530][302.514s] GC(9) User=0.06s Sys=0.00s Real=0.01s
[2021-04-28T12:02:32.495+0530][302.514s] GC(9) Concurrent Rebuild Remembered Sets
[2021-04-28T12:02:32.518+0530][302.537s] GC(9) Concurrent Rebuild Remembered Sets 23.096ms
[2021-04-28T12:02:32.522+0530][302.540s] GC(9) Pause Cleanup
[2021-04-28T12:02:32.522+0530][302.540s] GC(9) Pause Cleanup 42M->42M(512M) 0.188ms
[2021-04-28T12:02:32.522+0530][302.540s] GC(9) User=0.00s Sys=0.00s Real=0.00s
[2021-04-28T12:02:32.522+0530][302.541s] GC(9) Concurrent Cleanup for Next Mark
[2021-04-28T12:02:32.523+0530][302.541s] GC(9) Concurrent Cleanup for Next Mark 0.663ms
[2021-04-28T12:02:32.523+0530][302.541s] GC(9) Concurrent Cycle 94.576ms
[2021-04-28T12:02:39.138+0530][309.156s] GC(10) Pause Young (Normal) (G1 Evacuation Pause)
[2021-04-28T12:02:39.138+0530][309.156s] GC(10) Using 4 workers of 4 for evacuation
[2021-04-28T12:02:39.158+0530][309.178s] GC(10)   Pre Evacuate Collection Set: 0.0ms
[2021-04-28T12:02:39.159+0530][309.178s] GC(10)   Evacuate Collection Set: 20.1ms
[2021-04-28T12:02:39.159+0530][309.178s] GC(10)   Post Evacuate Collection Set: 1.3ms
[2021-04-28T12:02:39.159+0530][309.178s] GC(10)   Other: 0.3ms
[2021-04-28T12:02:39.159+0530][309.178s] GC(10) Eden regions: 293->0(286)
[2021-04-28T12:02:39.159+0530][309.178s] GC(10) Survivor regions: 14->21(39)
[2021-04-28T12:02:39.159+0530][309.178s] GC(10) Old regions: 17->17
[2021-04-28T12:02:39.159+0530][309.178s] GC(10) Humongous regions: 5->5
[2021-04-28T12:02:39.159+0530][309.178s] GC(10) Metaspace: 60807K->60807K(1103872K)
[2021-04-28T12:02:39.159+0530][309.178s] GC(10) Pause Young (Normal) (G1 Evacuation Pause) 328M->42M(512M) 22.022ms
[2021-04-28T12:02:39.159+0530][309.178s] GC(10) User=0.06s Sys=0.00s Real=0.02s
[2021-04-28T12:02:44.328+0530][314.347s] GC(11) Pause Young (Normal) (G1 Evacuation Pause)
[2021-04-28T12:02:44.328+0530][314.347s] GC(11) Using 4 workers of 4 for evacuation
[2021-04-28T12:02:44.356+0530][314.374s] GC(11)   Pre Evacuate Collection Set: 0.0ms
[2021-04-28T12:02:44.356+0530][314.374s] GC(11)   Evacuate Collection Set: 26.0ms
[2021-04-28T12:02:44.356+0530][314.374s] GC(11)   Post Evacuate Collection Set: 1.2ms
[2021-04-28T12:02:44.356+0530][314.374s] GC(11)   Other: 0.3ms
[2021-04-28T12:02:44.356+0530][314.375s] GC(11) Eden regions: 286->0(286)
[2021-04-28T12:02:44.356+0530][314.375s] GC(11) Survivor regions: 21->21(39)
[2021-04-28T12:02:44.356+0530][314.375s] GC(11) Old regions: 17->20
[2021-04-28T12:02:44.356+0530][314.375s] GC(11) Humongous regions: 5->5
[2021-04-28T12:02:44.356+0530][314.375s] GC(11) Metaspace: 62420K->62420K(1105920K)
[2021-04-28T12:02:44.356+0530][314.375s] GC(11) Pause Young (Normal) (G1 Evacuation Pause) 328M->44M(512M) 27.945ms
[2021-04-28T12:02:44.356+0530][314.375s] GC(11) User=0.08s Sys=0.02s Real=0.03s
[2021-04-28T12:09:59.726+0530][749.745s] GC(12) Pause Young (Normal) (G1 Evacuation Pause)
[2021-04-28T12:09:59.726+0530][749.745s] GC(12) Using 4 workers of 4 for evacuation
[2021-04-28T12:09:59.759+0530][749.778s] GC(12)   Pre Evacuate Collection Set: 0.0ms
[2021-04-28T12:09:59.759+0530][749.778s] GC(12)   Evacuate Collection Set: 29.6ms
[2021-04-28T12:09:59.759+0530][749.778s] GC(12)   Post Evacuate Collection Set: 2.5ms
[2021-04-28T12:09:59.759+0530][749.778s] GC(12)   Other: 0.3ms
[2021-04-28T12:09:59.759+0530][749.778s] GC(12) Eden regions: 286->0(284)
[2021-04-28T12:09:59.759+0530][749.778s] GC(12) Survivor regions: 21->23(39)
[2021-04-28T12:09:59.759+0530][749.778s] GC(12) Old regions: 20->21
[2021-04-28T12:09:59.759+0530][749.778s] GC(12) Humongous regions: 5->5
[2021-04-28T12:09:59.759+0530][749.778s] GC(12) Metaspace: 62906K->62906K(1105920K)
[2021-04-28T12:09:59.759+0530][749.778s] GC(12) Pause Young (Normal) (G1 Evacuation Pause) 330M->47M(512M) 32.861ms
[2021-04-28T12:09:59.759+0530][749.778s] GC(12) User=0.14s Sys=0.00s Real=0.03s
[2021-04-28T12:10:06.326+0530][756.345s] GC(13) Pause Young (Normal) (G1 Evacuation Pause)
[2021-04-28T12:10:06.326+0530][756.345s] GC(13) Using 4 workers of 4 for evacuation
[2021-04-28T12:10:06.353+0530][756.371s] GC(13)   Pre Evacuate Collection Set: 0.0ms
[2021-04-28T12:10:06.353+0530][756.372s] GC(13)   Evacuate Collection Set: 24.5ms
[2021-04-28T12:10:06.353+0530][756.372s] GC(13)   Post Evacuate Collection Set: 1.9ms
[2021-04-28T12:10:06.353+0530][756.372s] GC(13)   Other: 0.3ms
[2021-04-28T12:10:06.353+0530][756.372s] GC(13) Eden regions: 284->0(292)
[2021-04-28T12:10:06.353+0530][756.372s] GC(13) Survivor regions: 23->15(39)
[2021-04-28T12:10:06.353+0530][756.372s] GC(13) Old regions: 21->29
[2021-04-28T12:10:06.353+0530][756.372s] GC(13) Humongous regions: 5->5
[2021-04-28T12:10:06.353+0530][756.372s] GC(13) Metaspace: 63522K->63522K(1105920K)
[2021-04-28T12:10:06.353+0530][756.372s] GC(13) Pause Young (Normal) (G1 Evacuation Pause) 331M->48M(512M) 26.953ms
[2021-04-28T12:10:06.353+0530][756.372s] GC(13) User=0.11s Sys=0.00s Real=0.03s
[2021-04-28T12:10:34.523+0530][784.542s] GC(14) Pause Young (Normal) (G1 Evacuation Pause)
[2021-04-28T12:10:34.523+0530][784.542s] GC(14) Using 4 workers of 4 for evacuation
[2021-04-28T12:10:34.546+0530][784.564s] GC(14)   Pre Evacuate Collection Set: 0.0ms
[2021-04-28T12:10:34.546+0530][784.565s] GC(14)   Evacuate Collection Set: 20.6ms
[2021-04-28T12:10:34.546+0530][784.565s] GC(14)   Post Evacuate Collection Set: 1.8ms
[2021-04-28T12:10:34.546+0530][784.565s] GC(14)   Other: 0.3ms
[2021-04-28T12:10:34.546+0530][784.565s] GC(14) Eden regions: 292->0(289)
[2021-04-28T12:10:34.546+0530][784.565s] GC(14) Survivor regions: 15->18(39)
[2021-04-28T12:10:34.546+0530][784.565s] GC(14) Old regions: 29->29
[2021-04-28T12:10:34.546+0530][784.565s] GC(14) Humongous regions: 5->5
[2021-04-28T12:10:34.546+0530][784.565s] GC(14) Metaspace: 64186K->64186K(1107968K)
[2021-04-28T12:10:34.546+0530][784.565s] GC(14) Pause Young (Normal) (G1 Evacuation Pause) 340M->51M(512M) 23.145ms
[2021-04-28T12:10:34.546+0530][784.565s] GC(14) User=0.11s Sys=0.00s Real=0.02s
[2021-04-28T12:19:35.587+0530][1325.606s] GC(15) Pause Young (Normal) (G1 Evacuation Pause)
[2021-04-28T12:19:35.587+0530][1325.606s] GC(15) Using 4 workers of 4 for evacuation
[2021-04-28T12:19:35.609+0530][1325.628s] GC(15)   Pre Evacuate Collection Set: 0.0ms
[2021-04-28T12:19:35.609+0530][1325.628s] GC(15)   Evacuate Collection Set: 20.9ms
[2021-04-28T12:19:35.609+0530][1325.628s] GC(15)   Post Evacuate Collection Set: 0.8ms
[2021-04-28T12:19:35.609+0530][1325.628s] GC(15)   Other: 0.3ms
[2021-04-28T12:19:35.609+0530][1325.628s] GC(15) Eden regions: 289->0(289)
[2021-04-28T12:19:35.609+0530][1325.628s] GC(15) Survivor regions: 18->18(39)
[2021-04-28T12:19:35.609+0530][1325.628s] GC(15) Old regions: 29->29
[2021-04-28T12:19:35.609+0530][1325.628s] GC(15) Humongous regions: 5->5
[2021-04-28T12:19:35.609+0530][1325.628s] GC(15) Metaspace: 64712K->64712K(1107968K)
[2021-04-28T12:19:35.609+0530][1325.628s] GC(15) Pause Young (Normal) (G1 Evacuation Pause) 340M->51M(512M) 22.257ms
[2021-04-28T12:19:35.610+0530][1325.629s] GC(15) User=0.06s Sys=0.00s Real=0.02s
[2021-04-28T12:19:46.757+0530][1336.776s] Heap
[2021-04-28T12:19:46.757+0530][1336.776s]  garbage-first heap   total 524288K, used 79487K [0x00000000e0000000, 0x0000000100000000)
[2021-04-28T12:19:46.757+0530][1336.776s]   region size 1024K, 45 young (46080K), 18 survivors (18432K)
[2021-04-28T12:19:46.758+0530][1336.777s]  Metaspace       used 64973K, capacity 66631K, committed 66864K, reserved 1107968K
[2021-04-28T12:19:46.758+0530][1336.777s]   class space    used 7347K, capacity 8032K, committed 8064K, reserved 1048576K
