[2021-05-07T11:58:23.266+0530][0.020s] Heap region size: 1M
[2021-05-07T11:58:23.570+0530][0.325s] Using G1
[2021-05-07T11:58:23.570+0530][0.325s] Heap address: 0x00000000e0000000, size: 512 MB, Compressed Oops mode: 32-bit
[2021-05-07T11:58:28.296+0530][5.051s] GC(0) Pause Young (Normal) (G1 Evacuation Pause)
[2021-05-07T11:58:28.297+0530][5.051s] GC(0) Using 4 workers of 4 for evacuation
[2021-05-07T11:58:28.315+0530][5.069s] GC(0)   Pre Evacuate Collection Set: 0.0ms
[2021-05-07T11:58:28.315+0530][5.070s] GC(0)   Evacuate Collection Set: 17.7ms
[2021-05-07T11:58:28.315+0530][5.070s] GC(0)   Post Evacuate Collection Set: 0.4ms
[2021-05-07T11:58:28.315+0530][5.070s] GC(0)   Other: 0.6ms
[2021-05-07T11:58:28.315+0530][5.070s] GC(0) Eden regions: 25->0(25)
[2021-05-07T11:58:28.316+0530][5.070s] GC(0) Survivor regions: 0->4(4)
[2021-05-07T11:58:28.316+0530][5.070s] GC(0) Old regions: 0->3
[2021-05-07T11:58:28.316+0530][5.070s] GC(0) Humongous regions: 0->0
[2021-05-07T11:58:28.316+0530][5.070s] GC(0) Metaspace: 9489K->9489K(1058816K)
[2021-05-07T11:58:28.316+0530][5.070s] GC(0) Pause Young (Normal) (G1 Evacuation Pause) 25M->6M(512M) 19.428ms
[2021-05-07T11:58:28.316+0530][5.070s] GC(0) User=0.02s Sys=0.00s Real=0.02s
[2021-05-07T11:58:28.652+0530][5.407s] GC(1) Pause Young (Normal) (G1 Evacuation Pause)
[2021-05-07T11:58:28.652+0530][5.407s] GC(1) Using 4 workers of 4 for evacuation
[2021-05-07T11:58:28.655+0530][5.409s] GC(1)   Pre Evacuate Collection Set: 0.0ms
[2021-05-07T11:58:28.655+0530][5.409s] GC(1)   Evacuate Collection Set: 2.1ms
[2021-05-07T11:58:28.655+0530][5.409s] GC(1)   Post Evacuate Collection Set: 0.3ms
[2021-05-07T11:58:28.655+0530][5.409s] GC(1)   Other: 0.2ms
[2021-05-07T11:58:28.655+0530][5.410s] GC(1) Eden regions: 21->0(42)
[2021-05-07T11:58:28.655+0530][5.410s] GC(1) Survivor regions: 4->1(4)
[2021-05-07T11:58:28.655+0530][5.410s] GC(1) Old regions: 3->7
[2021-05-07T11:58:28.655+0530][5.410s] GC(1) Humongous regions: 0->0
[2021-05-07T11:58:28.655+0530][5.410s] GC(1) Metaspace: 11990K->11990K(1060864K)
[2021-05-07T11:58:28.655+0530][5.410s] GC(1) Pause Young (Normal) (G1 Evacuation Pause) 27M->7M(512M) 2.947ms
[2021-05-07T11:58:28.655+0530][5.410s] GC(1) User=0.00s Sys=0.00s Real=0.00s
[2021-05-07T11:58:29.186+0530][5.940s] GC(2) Pause Young (Normal) (G1 Evacuation Pause)
[2021-05-07T11:58:29.186+0530][5.940s] GC(2) Using 4 workers of 4 for evacuation
[2021-05-07T11:58:29.190+0530][5.944s] GC(2)   Pre Evacuate Collection Set: 0.0ms
[2021-05-07T11:58:29.190+0530][5.944s] GC(2)   Evacuate Collection Set: 3.5ms
[2021-05-07T11:58:29.190+0530][5.944s] GC(2)   Post Evacuate Collection Set: 0.3ms
[2021-05-07T11:58:29.190+0530][5.944s] GC(2)   Other: 0.2ms
[2021-05-07T11:58:29.190+0530][5.944s] GC(2) Eden regions: 42->0(57)
[2021-05-07T11:58:29.190+0530][5.944s] GC(2) Survivor regions: 1->3(6)
[2021-05-07T11:58:29.190+0530][5.944s] GC(2) Old regions: 7->7
[2021-05-07T11:58:29.190+0530][5.944s] GC(2) Humongous regions: 0->0
[2021-05-07T11:58:29.190+0530][5.944s] GC(2) Metaspace: 17306K->17306K(1064960K)
[2021-05-07T11:58:29.191+0530][5.944s] GC(2) Pause Young (Normal) (G1 Evacuation Pause) 49M->9M(512M) 4.238ms
[2021-05-07T11:58:29.191+0530][5.944s] GC(2) User=0.00s Sys=0.00s Real=0.00s
[2021-05-07T11:58:29.527+0530][6.282s] GC(3) Pause Young (Concurrent Start) (Metadata GC Threshold)
[2021-05-07T11:58:29.527+0530][6.282s] GC(3) Using 4 workers of 4 for evacuation
[2021-05-07T11:58:29.539+0530][6.293s] GC(3)   Pre Evacuate Collection Set: 0.0ms
[2021-05-07T11:58:29.539+0530][6.293s] GC(3)   Evacuate Collection Set: 10.9ms
[2021-05-07T11:58:29.539+0530][6.293s] GC(3)   Post Evacuate Collection Set: 0.3ms
[2021-05-07T11:58:29.539+0530][6.293s] GC(3)   Other: 0.2ms
[2021-05-07T11:58:29.539+0530][6.293s] GC(3) Eden regions: 20->0(63)
[2021-05-07T11:58:29.539+0530][6.293s] GC(3) Survivor regions: 3->8(8)
[2021-05-07T11:58:29.539+0530][6.293s] GC(3) Old regions: 7->9
[2021-05-07T11:58:29.539+0530][6.293s] GC(3) Humongous regions: 4->4
[2021-05-07T11:58:29.539+0530][6.293s] GC(3) Metaspace: 20701K->20701K(1069056K)
[2021-05-07T11:58:29.539+0530][6.293s] GC(3) Pause Young (Concurrent Start) (Metadata GC Threshold) 32M->20M(512M) 11.711ms
[2021-05-07T11:58:29.539+0530][6.293s] GC(3) User=0.06s Sys=0.00s Real=0.01s
[2021-05-07T11:58:29.539+0530][6.293s] GC(4) Concurrent Cycle
[2021-05-07T11:58:29.539+0530][6.293s] GC(4) Concurrent Clear Claimed Marks
[2021-05-07T11:58:29.539+0530][6.293s] GC(4) Concurrent Clear Claimed Marks 0.038ms
[2021-05-07T11:58:29.539+0530][6.293s] GC(4) Concurrent Scan Root Regions
[2021-05-07T11:58:29.545+0530][6.299s] GC(4) Concurrent Scan Root Regions 5.721ms
[2021-05-07T11:58:29.545+0530][6.299s] GC(4) Concurrent Mark (6.299s)
[2021-05-07T11:58:29.545+0530][6.299s] GC(4) Concurrent Mark From Roots
[2021-05-07T11:58:29.545+0530][6.299s] GC(4) Using 1 workers of 1 for marking
[2021-05-07T11:58:29.556+0530][6.311s] GC(4) Concurrent Mark From Roots 11.335ms
[2021-05-07T11:58:29.556+0530][6.311s] GC(4) Concurrent Preclean
[2021-05-07T11:58:29.557+0530][6.311s] GC(4) Concurrent Preclean 0.194ms
[2021-05-07T11:58:29.557+0530][6.311s] GC(4) Concurrent Mark (6.299s, 6.311s) 11.658ms
[2021-05-07T11:58:29.557+0530][6.311s] GC(4) Pause Remark
[2021-05-07T11:58:29.559+0530][6.313s] GC(4) Cleaned string and symbol table, strings: 9535 processed, 1 removed, symbols: 68041 processed, 18 removed
[2021-05-07T11:58:29.559+0530][6.313s] GC(4) Pause Remark 21M->21M(512M) 2.179ms
[2021-05-07T11:58:29.559+0530][6.313s] GC(4) User=0.00s Sys=0.00s Real=0.00s
[2021-05-07T11:58:29.559+0530][6.313s] GC(4) Concurrent Rebuild Remembered Sets
[2021-05-07T11:58:29.565+0530][6.319s] GC(4) Concurrent Rebuild Remembered Sets 5.997ms
[2021-05-07T11:58:29.565+0530][6.319s] GC(4) Pause Cleanup
[2021-05-07T11:58:29.565+0530][6.320s] GC(4) Pause Cleanup 22M->22M(512M) 0.106ms
[2021-05-07T11:58:29.565+0530][6.320s] GC(4) User=0.00s Sys=0.00s Real=0.00s
[2021-05-07T11:58:29.565+0530][6.320s] GC(4) Concurrent Cleanup for Next Mark
[2021-05-07T11:58:29.566+0530][6.320s] GC(4) Concurrent Cleanup for Next Mark 0.579ms
[2021-05-07T11:58:29.566+0530][6.320s] GC(4) Concurrent Cycle 26.967ms
[2021-05-07T11:58:30.705+0530][7.459s] GC(5) Pause Young (Normal) (G1 Evacuation Pause)
[2021-05-07T11:58:30.705+0530][7.459s] GC(5) Using 4 workers of 4 for evacuation
[2021-05-07T11:58:30.716+0530][7.471s] GC(5)   Pre Evacuate Collection Set: 0.0ms
[2021-05-07T11:58:30.716+0530][7.471s] GC(5)   Evacuate Collection Set: 11.1ms
[2021-05-07T11:58:30.716+0530][7.471s] GC(5)   Post Evacuate Collection Set: 0.7ms
[2021-05-07T11:58:30.716+0530][7.471s] GC(5)   Other: 0.2ms
[2021-05-07T11:58:30.716+0530][7.471s] GC(5) Eden regions: 59->0(86)
[2021-05-07T11:58:30.716+0530][7.471s] GC(5) Survivor regions: 8->4(9)
[2021-05-07T11:58:30.716+0530][7.471s] GC(5) Old regions: 9->17
[2021-05-07T11:58:30.716+0530][7.471s] GC(5) Humongous regions: 4->4
[2021-05-07T11:58:30.716+0530][7.471s] GC(5) Metaspace: 27042K->27042K(1075200K)
[2021-05-07T11:58:30.716+0530][7.471s] GC(5) Pause Young (Normal) (G1 Evacuation Pause) 79M->24M(512M) 12.255ms
[2021-05-07T11:58:30.716+0530][7.471s] GC(5) User=0.06s Sys=0.00s Real=0.01s
[2021-05-07T11:58:31.729+0530][8.484s] GC(6) Pause Young (Concurrent Start) (Metadata GC Threshold)
[2021-05-07T11:58:31.729+0530][8.484s] GC(6) Using 4 workers of 4 for evacuation
[2021-05-07T11:58:31.734+0530][8.489s] GC(6)   Pre Evacuate Collection Set: 0.0ms
[2021-05-07T11:58:31.735+0530][8.489s] GC(6)   Evacuate Collection Set: 5.1ms
[2021-05-07T11:58:31.735+0530][8.489s] GC(6)   Post Evacuate Collection Set: 0.3ms
[2021-05-07T11:58:31.735+0530][8.489s] GC(6)   Other: 0.2ms
[2021-05-07T11:58:31.735+0530][8.489s] GC(6) Eden regions: 64->0(302)
[2021-05-07T11:58:31.735+0530][8.489s] GC(6) Survivor regions: 4->5(12)
[2021-05-07T11:58:31.735+0530][8.489s] GC(6) Old regions: 17->17
[2021-05-07T11:58:31.735+0530][8.489s] GC(6) Humongous regions: 4->4
[2021-05-07T11:58:31.735+0530][8.489s] GC(6) Metaspace: 35046K->35046K(1081344K)
[2021-05-07T11:58:31.735+0530][8.489s] GC(6) Pause Young (Concurrent Start) (Metadata GC Threshold) 87M->24M(512M) 5.980ms
[2021-05-07T11:58:31.735+0530][8.490s] GC(6) User=0.00s Sys=0.00s Real=0.01s
[2021-05-07T11:58:31.735+0530][8.490s] GC(7) Concurrent Cycle
[2021-05-07T11:58:31.735+0530][8.490s] GC(7) Concurrent Clear Claimed Marks
[2021-05-07T11:58:31.735+0530][8.490s] GC(7) Concurrent Clear Claimed Marks 0.049ms
[2021-05-07T11:58:31.735+0530][8.490s] GC(7) Concurrent Scan Root Regions
[2021-05-07T11:58:31.740+0530][8.494s] GC(7) Concurrent Scan Root Regions 4.472ms
[2021-05-07T11:58:31.740+0530][8.494s] GC(7) Concurrent Mark (8.494s)
[2021-05-07T11:58:31.740+0530][8.494s] GC(7) Concurrent Mark From Roots
[2021-05-07T11:58:31.740+0530][8.494s] GC(7) Using 1 workers of 1 for marking
[2021-05-07T11:58:31.786+0530][8.541s] GC(7) Concurrent Mark From Roots 46.404ms
[2021-05-07T11:58:31.786+0530][8.541s] GC(7) Concurrent Preclean
[2021-05-07T11:58:31.786+0530][8.541s] GC(7) Concurrent Preclean 0.204ms
[2021-05-07T11:58:31.786+0530][8.541s] GC(7) Concurrent Mark (8.494s, 8.541s) 46.735ms
[2021-05-07T11:58:31.797+0530][8.552s] GC(7) Pause Remark
[2021-05-07T11:58:31.801+0530][8.555s] GC(7) Cleaned string and symbol table, strings: 15086 processed, 21 removed, symbols: 111546 processed, 39 removed
[2021-05-07T11:58:31.801+0530][8.556s] GC(7) Pause Remark 26M->26M(512M) 3.749ms
[2021-05-07T11:58:31.801+0530][8.556s] GC(7) User=0.00s Sys=0.00s Real=0.00s
[2021-05-07T11:58:31.801+0530][8.556s] GC(7) Concurrent Rebuild Remembered Sets
[2021-05-07T11:58:31.820+0530][8.574s] GC(7) Concurrent Rebuild Remembered Sets 18.367ms
[2021-05-07T11:58:31.820+0530][8.574s] GC(7) Pause Cleanup
[2021-05-07T11:58:31.820+0530][8.574s] GC(7) Pause Cleanup 26M->26M(512M) 0.122ms
[2021-05-07T11:58:31.820+0530][8.575s] GC(7) User=0.00s Sys=0.00s Real=0.00s
[2021-05-07T11:58:31.820+0530][8.575s] GC(7) Concurrent Cleanup for Next Mark
[2021-05-07T11:58:31.821+0530][8.575s] GC(7) Concurrent Cleanup for Next Mark 0.654ms
[2021-05-07T11:58:31.821+0530][8.575s] GC(7) Concurrent Cycle 85.637ms
[2021-05-07T11:58:34.121+0530][10.875s] GC(8) Pause Young (Concurrent Start) (G1 Evacuation Pause)
[2021-05-07T11:58:34.121+0530][10.875s] GC(8) Using 4 workers of 4 for evacuation
[2021-05-07T11:58:34.135+0530][10.889s] GC(8)   Pre Evacuate Collection Set: 0.1ms
[2021-05-07T11:58:34.135+0530][10.889s] GC(8)   Evacuate Collection Set: 12.9ms
[2021-05-07T11:58:34.135+0530][10.889s] GC(8)   Post Evacuate Collection Set: 0.7ms
[2021-05-07T11:58:34.135+0530][10.889s] GC(8)   Other: 0.3ms
[2021-05-07T11:58:34.135+0530][10.889s] GC(8) Eden regions: 302->0(293)
[2021-05-07T11:58:34.135+0530][10.889s] GC(8) Survivor regions: 5->14(39)
[2021-05-07T11:58:34.135+0530][10.889s] GC(8) Old regions: 17->17
[2021-05-07T11:58:34.135+0530][10.889s] GC(8) Humongous regions: 5->4
[2021-05-07T11:58:34.135+0530][10.889s] GC(8) Metaspace: 46526K->46526K(1091584K)
[2021-05-07T11:58:34.135+0530][10.889s] GC(8) Pause Young (Concurrent Start) (G1 Evacuation Pause) 327M->33M(512M) 14.236ms
[2021-05-07T11:58:34.135+0530][10.889s] GC(8) User=0.06s Sys=0.00s Real=0.01s
[2021-05-07T11:58:34.135+0530][10.890s] GC(9) Concurrent Cycle
[2021-05-07T11:58:34.135+0530][10.890s] GC(9) Concurrent Clear Claimed Marks
[2021-05-07T11:58:34.135+0530][10.890s] GC(9) Concurrent Clear Claimed Marks 0.079ms
[2021-05-07T11:58:34.135+0530][10.890s] GC(9) Concurrent Scan Root Regions
[2021-05-07T11:58:34.148+0530][10.902s] GC(9) Concurrent Scan Root Regions 12.353ms
[2021-05-07T11:58:34.148+0530][10.902s] GC(9) Concurrent Mark (10.902s)
[2021-05-07T11:58:34.148+0530][10.902s] GC(9) Concurrent Mark From Roots
[2021-05-07T11:58:34.148+0530][10.902s] GC(9) Using 1 workers of 1 for marking
[2021-05-07T11:58:34.194+0530][10.948s] GC(9) Concurrent Mark From Roots 45.799ms
[2021-05-07T11:58:34.194+0530][10.948s] GC(9) Concurrent Preclean
[2021-05-07T11:58:34.194+0530][10.948s] GC(9) Concurrent Preclean 0.202ms
[2021-05-07T11:58:34.194+0530][10.948s] GC(9) Concurrent Mark (10.902s, 10.948s) 46.154ms
[2021-05-07T11:58:34.194+0530][10.949s] GC(9) Pause Remark
[2021-05-07T11:58:34.200+0530][10.954s] GC(9) Cleaned string and symbol table, strings: 20022 processed, 0 removed, symbols: 143987 processed, 186 removed
[2021-05-07T11:58:34.200+0530][10.954s] GC(9) Pause Remark 60M->60M(512M) 5.415ms
[2021-05-07T11:58:34.200+0530][10.954s] GC(9) User=0.00s Sys=0.00s Real=0.01s
[2021-05-07T11:58:34.200+0530][10.954s] GC(9) Concurrent Rebuild Remembered Sets
[2021-05-07T11:58:34.224+0530][10.978s] GC(9) Concurrent Rebuild Remembered Sets 24.154ms
[2021-05-07T11:58:34.224+0530][10.978s] GC(9) Pause Cleanup
[2021-05-07T11:58:34.225+0530][10.979s] GC(9) Pause Cleanup 76M->76M(512M) 0.151ms
[2021-05-07T11:58:34.225+0530][10.979s] GC(9) User=0.00s Sys=0.00s Real=0.00s
[2021-05-07T11:58:34.225+0530][10.979s] GC(9) Concurrent Cleanup for Next Mark
[2021-05-07T11:58:34.225+0530][10.979s] GC(9) Concurrent Cleanup for Next Mark 0.631ms
[2021-05-07T11:58:34.225+0530][10.979s] GC(9) Concurrent Cycle 89.941ms
[2021-05-07T11:58:34.932+0530][11.686s] GC(10) Pause Young (Normal) (G1 Evacuation Pause)
[2021-05-07T11:58:34.932+0530][11.686s] GC(10) Using 4 workers of 4 for evacuation
[2021-05-07T11:58:34.949+0530][11.703s] GC(10)   Pre Evacuate Collection Set: 0.0ms
[2021-05-07T11:58:34.949+0530][11.703s] GC(10)   Evacuate Collection Set: 15.6ms
[2021-05-07T11:58:34.949+0530][11.703s] GC(10)   Post Evacuate Collection Set: 0.5ms
[2021-05-07T11:58:34.949+0530][11.703s] GC(10)   Other: 0.2ms
[2021-05-07T11:58:34.949+0530][11.703s] GC(10) Eden regions: 293->0(290)
[2021-05-07T11:58:34.949+0530][11.703s] GC(10) Survivor regions: 14->17(39)
[2021-05-07T11:58:34.949+0530][11.703s] GC(10) Old regions: 17->17
[2021-05-07T11:58:34.949+0530][11.703s] GC(10) Humongous regions: 5->5
[2021-05-07T11:58:34.949+0530][11.703s] GC(10) Metaspace: 48393K->48393K(1093632K)
[2021-05-07T11:58:34.949+0530][11.703s] GC(10) Pause Young (Normal) (G1 Evacuation Pause) 327M->38M(512M) 16.637ms
[2021-05-07T11:58:34.949+0530][11.703s] GC(10) User=0.06s Sys=0.00s Real=0.02s
[2021-05-07T11:58:37.970+0530][14.724s] GC(11) Pause Young (Normal) (G1 Evacuation Pause)
[2021-05-07T11:58:37.970+0530][14.724s] GC(11) Using 4 workers of 4 for evacuation
[2021-05-07T11:58:38.003+0530][14.757s] GC(11)   Pre Evacuate Collection Set: 0.0ms
[2021-05-07T11:58:38.003+0530][14.757s] GC(11)   Evacuate Collection Set: 31.5ms
[2021-05-07T11:58:38.003+0530][14.757s] GC(11)   Post Evacuate Collection Set: 1.0ms
[2021-05-07T11:58:38.003+0530][14.757s] GC(11)   Other: 0.3ms
[2021-05-07T11:58:38.003+0530][14.757s] GC(11) Eden regions: 290->0(273)
[2021-05-07T11:58:38.003+0530][14.757s] GC(11) Survivor regions: 17->34(39)
[2021-05-07T11:58:38.003+0530][14.757s] GC(11) Old regions: 17->17
[2021-05-07T11:58:38.003+0530][14.757s] GC(11) Humongous regions: 5->5
[2021-05-07T11:58:38.003+0530][14.757s] GC(11) Metaspace: 57162K->57162K(1101824K)
[2021-05-07T11:58:38.004+0530][14.757s] GC(11) Pause Young (Normal) (G1 Evacuation Pause) 328M->55M(512M) 33.173ms
[2021-05-07T11:58:38.004+0530][14.758s] GC(11) User=0.13s Sys=0.00s Real=0.03s
[2021-05-07T12:00:13.896+0530][110.651s] GC(12) Pause Young (Normal) (G1 Evacuation Pause)
[2021-05-07T12:00:13.897+0530][110.651s] GC(12) Using 4 workers of 4 for evacuation
[2021-05-07T12:00:13.947+0530][110.701s] GC(12)   Pre Evacuate Collection Set: 0.0ms
[2021-05-07T12:00:13.947+0530][110.701s] GC(12)   Evacuate Collection Set: 49.1ms
[2021-05-07T12:00:13.947+0530][110.702s] GC(12)   Post Evacuate Collection Set: 1.3ms
[2021-05-07T12:00:13.947+0530][110.702s] GC(12)   Other: 0.3ms
[2021-05-07T12:00:13.947+0530][110.702s] GC(12) Eden regions: 273->0(299)
[2021-05-07T12:00:13.947+0530][110.702s] GC(12) Survivor regions: 34->8(39)
[2021-05-07T12:00:13.947+0530][110.702s] GC(12) Old regions: 17->50
[2021-05-07T12:00:13.948+0530][110.702s] GC(12) Humongous regions: 5->5
[2021-05-07T12:00:13.948+0530][110.702s] GC(12) Metaspace: 63710K->63710K(1107968K)
[2021-05-07T12:00:13.948+0530][110.702s] GC(12) Pause Young (Normal) (G1 Evacuation Pause) 328M->62M(512M) 51.041ms
[2021-05-07T12:00:13.948+0530][110.702s] GC(12) User=0.17s Sys=0.00s Real=0.05s
[2021-05-07T12:00:15.008+0530][111.763s] GC(13) Pause Young (Normal) (G1 Evacuation Pause)
[2021-05-07T12:00:15.008+0530][111.763s] GC(13) Using 4 workers of 4 for evacuation
[2021-05-07T12:00:15.024+0530][111.778s] GC(13)   Pre Evacuate Collection Set: 0.0ms
[2021-05-07T12:00:15.024+0530][111.778s] GC(13)   Evacuate Collection Set: 14.6ms
[2021-05-07T12:00:15.024+0530][111.778s] GC(13)   Post Evacuate Collection Set: 0.5ms
[2021-05-07T12:00:15.024+0530][111.778s] GC(13)   Other: 0.3ms
[2021-05-07T12:00:15.024+0530][111.778s] GC(13) Eden regions: 299->0(293)
[2021-05-07T12:00:15.024+0530][111.778s] GC(13) Survivor regions: 8->14(39)
[2021-05-07T12:00:15.024+0530][111.778s] GC(13) Old regions: 50->50
[2021-05-07T12:00:15.024+0530][111.778s] GC(13) Humongous regions: 5->5
[2021-05-07T12:00:15.024+0530][111.778s] GC(13) Metaspace: 64228K->64228K(1107968K)
[2021-05-07T12:00:15.024+0530][111.779s] GC(13) Pause Young (Normal) (G1 Evacuation Pause) 361M->68M(512M) 15.802ms
[2021-05-07T12:00:15.024+0530][111.779s] GC(13) User=0.06s Sys=0.00s Real=0.02s
[2021-05-07T12:01:14.106+0530][170.860s] GC(14) Pause Young (Normal) (G1 Evacuation Pause)
[2021-05-07T12:01:14.106+0530][170.860s] GC(14) Using 4 workers of 4 for evacuation
[2021-05-07T12:01:14.146+0530][170.901s] GC(14)   Pre Evacuate Collection Set: 0.0ms
[2021-05-07T12:01:14.146+0530][170.901s] GC(14)   Evacuate Collection Set: 39.7ms
[2021-05-07T12:01:14.146+0530][170.901s] GC(14)   Post Evacuate Collection Set: 0.9ms
[2021-05-07T12:01:14.146+0530][170.901s] GC(14)   Other: 0.3ms
[2021-05-07T12:01:14.146+0530][170.901s] GC(14) Eden regions: 293->0(247)
[2021-05-07T12:01:14.146+0530][170.901s] GC(14) Survivor regions: 14->39(39)
[2021-05-07T12:01:14.146+0530][170.901s] GC(14) Old regions: 50->68
[2021-05-07T12:01:14.146+0530][170.901s] GC(14) Humongous regions: 35->35
[2021-05-07T12:01:14.146+0530][170.901s] GC(14) Metaspace: 66970K->66970K(1110016K)
[2021-05-07T12:01:14.146+0530][170.901s] GC(14) Pause Young (Normal) (G1 Evacuation Pause) 391M->142M(512M) 41.236ms
[2021-05-07T12:01:14.147+0530][170.901s] GC(14) User=0.14s Sys=0.00s Real=0.04s
[2021-05-07T12:01:38.410+0530][195.164s] GC(15) Pause Young (Normal) (G1 Evacuation Pause)
[2021-05-07T12:01:38.410+0530][195.164s] GC(15) Using 4 workers of 4 for evacuation
[2021-05-07T12:01:38.439+0530][195.193s] GC(15)   Pre Evacuate Collection Set: 0.0ms
[2021-05-07T12:01:38.439+0530][195.193s] GC(15)   Evacuate Collection Set: 28.2ms
[2021-05-07T12:01:38.439+0530][195.193s] GC(15)   Post Evacuate Collection Set: 0.5ms
[2021-05-07T12:01:38.439+0530][195.193s] GC(15)   Other: 0.3ms
[2021-05-07T12:01:38.439+0530][195.193s] GC(15) Eden regions: 247->0(241)
[2021-05-07T12:01:38.439+0530][195.193s] GC(15) Survivor regions: 39->15(36)
[2021-05-07T12:01:38.439+0530][195.193s] GC(15) Old regions: 68->104
[2021-05-07T12:01:38.439+0530][195.193s] GC(15) Humongous regions: 35->35
[2021-05-07T12:01:38.439+0530][195.193s] GC(15) Metaspace: 68264K->68264K(1112064K)
[2021-05-07T12:01:38.439+0530][195.193s] GC(15) Pause Young (Normal) (G1 Evacuation Pause) 389M->154M(512M) 29.406ms
[2021-05-07T12:01:38.439+0530][195.193s] GC(15) User=0.13s Sys=0.00s Real=0.03s
[2021-05-07T12:02:13.037+0530][229.792s] GC(16) Pause Young (Normal) (G1 Evacuation Pause)
[2021-05-07T12:02:13.037+0530][229.792s] GC(16) Using 4 workers of 4 for evacuation
[2021-05-07T12:02:13.049+0530][229.803s] GC(16)   Pre Evacuate Collection Set: 0.0ms
[2021-05-07T12:02:13.049+0530][229.803s] GC(16)   Evacuate Collection Set: 10.7ms
[2021-05-07T12:02:13.049+0530][229.804s] GC(16)   Post Evacuate Collection Set: 0.5ms
[2021-05-07T12:02:13.049+0530][229.804s] GC(16)   Other: 0.3ms
[2021-05-07T12:02:13.049+0530][229.804s] GC(16) Eden regions: 241->0(242)
[2021-05-07T12:02:13.049+0530][229.804s] GC(16) Survivor regions: 15->20(32)
[2021-05-07T12:02:13.049+0530][229.804s] GC(16) Old regions: 104->104
[2021-05-07T12:02:13.049+0530][229.804s] GC(16) Humongous regions: 35->35
[2021-05-07T12:02:13.049+0530][229.804s] GC(16) Metaspace: 68738K->68738K(1112064K)
[2021-05-07T12:02:13.049+0530][229.804s] GC(16) Pause Young (Normal) (G1 Evacuation Pause) 395M->158M(512M) 12.041ms
[2021-05-07T12:02:13.050+0530][229.804s] GC(16) User=0.00s Sys=0.02s Real=0.01s
[2021-05-07T12:02:18.748+0530][235.503s] GC(17) Pause Young (Normal) (G1 Evacuation Pause)
[2021-05-07T12:02:18.748+0530][235.503s] GC(17) Using 4 workers of 4 for evacuation
[2021-05-07T12:02:18.757+0530][235.512s] GC(17)   Pre Evacuate Collection Set: 0.0ms
[2021-05-07T12:02:18.757+0530][235.512s] GC(17)   Evacuate Collection Set: 8.2ms
[2021-05-07T12:02:18.757+0530][235.512s] GC(17)   Post Evacuate Collection Set: 0.4ms
[2021-05-07T12:02:18.757+0530][235.512s] GC(17)   Other: 0.3ms
[2021-05-07T12:02:18.757+0530][235.512s] GC(17) Eden regions: 242->0(246)
[2021-05-07T12:02:18.757+0530][235.512s] GC(17) Survivor regions: 20->16(33)
[2021-05-07T12:02:18.757+0530][235.512s] GC(17) Old regions: 104->112
[2021-05-07T12:02:18.757+0530][235.512s] GC(17) Humongous regions: 35->35
[2021-05-07T12:02:18.757+0530][235.512s] GC(17) Metaspace: 68853K->68853K(1112064K)
[2021-05-07T12:02:18.757+0530][235.512s] GC(17) Pause Young (Normal) (G1 Evacuation Pause) 400M->161M(512M) 9.331ms
[2021-05-07T12:02:18.757+0530][235.512s] GC(17) User=0.06s Sys=0.00s Real=0.01s
[2021-05-07T12:02:21.342+0530][238.096s] GC(18) Pause Young (Normal) (G1 Evacuation Pause)
[2021-05-07T12:02:21.342+0530][238.096s] GC(18) Using 4 workers of 4 for evacuation
[2021-05-07T12:02:21.355+0530][238.109s] GC(18)   Pre Evacuate Collection Set: 0.0ms
[2021-05-07T12:02:21.355+0530][238.109s] GC(18)   Evacuate Collection Set: 12.2ms
[2021-05-07T12:02:21.355+0530][238.109s] GC(18)   Post Evacuate Collection Set: 0.5ms
[2021-05-07T12:02:21.355+0530][238.109s] GC(18)   Other: 0.3ms
[2021-05-07T12:02:21.355+0530][238.109s] GC(18) Eden regions: 246->0(247)
[2021-05-07T12:02:21.355+0530][238.109s] GC(18) Survivor regions: 16->21(33)
[2021-05-07T12:02:21.355+0530][238.110s] GC(18) Old regions: 112->112
[2021-05-07T12:02:21.355+0530][238.110s] GC(18) Humongous regions: 35->35
[2021-05-07T12:02:21.355+0530][238.110s] GC(18) Metaspace: 68903K->68903K(1112064K)
[2021-05-07T12:02:21.355+0530][238.110s] GC(18) Pause Young (Normal) (G1 Evacuation Pause) 407M->166M(512M) 13.367ms
[2021-05-07T12:02:21.355+0530][238.110s] GC(18) User=0.06s Sys=0.00s Real=0.01s
[2021-05-07T14:18:11.732+0530][8388.486s] Heap
[2021-05-07T14:18:11.732+0530][8388.486s]  garbage-first heap   total 524288K, used 333683K [0x00000000e0000000, 0x0000000100000000)
[2021-05-07T14:18:11.732+0530][8388.486s]   region size 1024K, 182 young (186368K), 21 survivors (21504K)
[2021-05-07T14:18:11.732+0530][8388.486s]  Metaspace       used 69308K, capacity 70932K, committed 71216K, reserved 1112064K
[2021-05-07T14:18:11.732+0530][8388.486s]   class space    used 7618K, capacity 8247K, committed 8320K, reserved 1048576K
