[2021-04-28T13:37:43.333+0530][0.033s] Heap region size: 1M
[2021-04-28T13:37:43.724+0530][0.425s] Using G1
[2021-04-28T13:37:43.724+0530][0.425s] Heap address: 0x00000000e0000000, size: 512 MB, Compressed Oops mode: 32-bit
[2021-04-28T13:37:45.568+0530][2.269s] GC(0) Pause Young (Normal) (G1 Evacuation Pause)
[2021-04-28T13:37:45.569+0530][2.269s] GC(0) Using 4 workers of 4 for evacuation
[2021-04-28T13:37:46.047+0530][2.747s] GC(0) MMU target violated: 251.0ms (250.0ms/251.0ms)
[2021-04-28T13:37:46.047+0530][2.747s] GC(0)   Pre Evacuate Collection Set: 0.0ms
[2021-04-28T13:37:46.047+0530][2.747s] GC(0)   Evacuate Collection Set: 477.3ms
[2021-04-28T13:37:46.047+0530][2.747s] GC(0)   Post Evacuate Collection Set: 0.4ms
[2021-04-28T13:37:46.060+0530][2.760s] GC(0)   Other: 0.7ms
[2021-04-28T13:37:46.060+0530][2.760s] GC(0) Eden regions: 25->0(23)
[2021-04-28T13:37:46.060+0530][2.760s] GC(0) Survivor regions: 0->4(4)
[2021-04-28T13:37:46.060+0530][2.760s] GC(0) Old regions: 0->3
[2021-04-28T13:37:46.060+0530][2.760s] GC(0) Humongous regions: 0->0
[2021-04-28T13:37:46.060+0530][2.760s] GC(0) Metaspace: 9470K->9470K(1058816K)
[2021-04-28T13:37:46.060+0530][2.760s] GC(0) Pause Young (Normal) (G1 Evacuation Pause) 25M->6M(512M) 491.708ms
[2021-04-28T13:37:46.060+0530][2.760s] GC(0) User=0.22s Sys=0.00s Real=0.49s
[2021-04-28T13:37:46.836+0530][3.537s] GC(1) Pause Young (Normal) (G1 Evacuation Pause)
[2021-04-28T13:37:46.836+0530][3.537s] GC(1) Using 4 workers of 4 for evacuation
[2021-04-28T13:37:46.840+0530][3.540s] GC(1)   Pre Evacuate Collection Set: 0.0ms
[2021-04-28T13:37:46.840+0530][3.540s] GC(1)   Evacuate Collection Set: 3.1ms
[2021-04-28T13:37:46.840+0530][3.540s] GC(1)   Post Evacuate Collection Set: 0.3ms
[2021-04-28T13:37:46.840+0530][3.540s] GC(1)   Other: 0.2ms
[2021-04-28T13:37:46.840+0530][3.540s] GC(1) Eden regions: 21->0(42)
[2021-04-28T13:37:46.840+0530][3.540s] GC(1) Survivor regions: 4->1(4)
[2021-04-28T13:37:46.840+0530][3.540s] GC(1) Old regions: 3->7
[2021-04-28T13:37:46.840+0530][3.541s] GC(1) Humongous regions: 0->0
[2021-04-28T13:37:46.840+0530][3.541s] GC(1) Metaspace: 12012K->12012K(1060864K)
[2021-04-28T13:37:46.840+0530][3.541s] GC(1) Pause Young (Normal) (G1 Evacuation Pause) 27M->7M(512M) 4.038ms
[2021-04-28T13:37:46.840+0530][3.541s] GC(1) User=0.06s Sys=0.00s Real=0.00s
[2021-04-28T13:37:47.619+0530][4.319s] GC(2) Pause Young (Normal) (G1 Evacuation Pause)
[2021-04-28T13:37:47.619+0530][4.319s] GC(2) Using 4 workers of 4 for evacuation
[2021-04-28T13:37:47.623+0530][4.323s] GC(2)   Pre Evacuate Collection Set: 0.0ms
[2021-04-28T13:37:47.623+0530][4.323s] GC(2)   Evacuate Collection Set: 3.4ms
[2021-04-28T13:37:47.623+0530][4.323s] GC(2)   Post Evacuate Collection Set: 0.3ms
[2021-04-28T13:37:47.623+0530][4.323s] GC(2)   Other: 0.2ms
[2021-04-28T13:37:47.623+0530][4.323s] GC(2) Eden regions: 42->0(57)
[2021-04-28T13:37:47.623+0530][4.323s] GC(2) Survivor regions: 1->3(6)
[2021-04-28T13:37:47.623+0530][4.323s] GC(2) Old regions: 7->7
[2021-04-28T13:37:47.623+0530][4.323s] GC(2) Humongous regions: 0->0
[2021-04-28T13:37:47.623+0530][4.323s] GC(2) Metaspace: 17508K->17508K(1064960K)
[2021-04-28T13:37:47.623+0530][4.323s] GC(2) Pause Young (Normal) (G1 Evacuation Pause) 49M->9M(512M) 4.357ms
[2021-04-28T13:37:47.623+0530][4.323s] GC(2) User=0.00s Sys=0.00s Real=0.00s
[2021-04-28T13:37:48.134+0530][4.835s] GC(3) Pause Young (Concurrent Start) (Metadata GC Threshold)
[2021-04-28T13:37:48.135+0530][4.835s] GC(3) Using 4 workers of 4 for evacuation
[2021-04-28T13:37:48.148+0530][4.848s] GC(3)   Pre Evacuate Collection Set: 0.0ms
[2021-04-28T13:37:48.148+0530][4.848s] GC(3)   Evacuate Collection Set: 12.6ms
[2021-04-28T13:37:48.148+0530][4.848s] GC(3)   Post Evacuate Collection Set: 0.4ms
[2021-04-28T13:37:48.148+0530][4.849s] GC(3)   Other: 0.3ms
[2021-04-28T13:37:48.148+0530][4.849s] GC(3) Eden regions: 19->0(59)
[2021-04-28T13:37:48.148+0530][4.849s] GC(3) Survivor regions: 3->8(8)
[2021-04-28T13:37:48.148+0530][4.849s] GC(3) Old regions: 7->9
[2021-04-28T13:37:48.148+0530][4.849s] GC(3) Humongous regions: 4->4
[2021-04-28T13:37:48.148+0530][4.849s] GC(3) Metaspace: 20730K->20730K(1069056K)
[2021-04-28T13:37:48.148+0530][4.849s] GC(3) Pause Young (Concurrent Start) (Metadata GC Threshold) 31M->20M(512M) 13.856ms
[2021-04-28T13:37:48.148+0530][4.849s] GC(3) User=0.00s Sys=0.00s Real=0.01s
[2021-04-28T13:37:48.148+0530][4.849s] GC(4) Concurrent Cycle
[2021-04-28T13:37:48.149+0530][4.849s] GC(4) Concurrent Clear Claimed Marks
[2021-04-28T13:37:48.149+0530][4.849s] GC(4) Concurrent Clear Claimed Marks 0.055ms
[2021-04-28T13:37:48.149+0530][4.849s] GC(4) Concurrent Scan Root Regions
[2021-04-28T13:37:48.157+0530][4.857s] GC(4) Concurrent Scan Root Regions 8.073ms
[2021-04-28T13:37:48.157+0530][4.857s] GC(4) Concurrent Mark (4.857s)
[2021-04-28T13:37:48.157+0530][4.857s] GC(4) Concurrent Mark From Roots
[2021-04-28T13:37:48.157+0530][4.857s] GC(4) Using 1 workers of 1 for marking
[2021-04-28T13:37:48.177+0530][4.877s] GC(4) Concurrent Mark From Roots 19.593ms
[2021-04-28T13:37:48.177+0530][4.877s] GC(4) Concurrent Preclean
[2021-04-28T13:37:48.177+0530][4.877s] GC(4) Concurrent Preclean 0.207ms
[2021-04-28T13:37:48.177+0530][4.877s] GC(4) Concurrent Mark (4.857s, 4.877s) 19.956ms
[2021-04-28T13:37:48.177+0530][4.877s] GC(4) Pause Remark
[2021-04-28T13:37:48.179+0530][4.879s] GC(4) Cleaned string and symbol table, strings: 9549 processed, 1 removed, symbols: 67931 processed, 18 removed
[2021-04-28T13:37:48.179+0530][4.880s] GC(4) Pause Remark 22M->22M(512M) 2.293ms
[2021-04-28T13:37:48.179+0530][4.880s] GC(4) User=0.00s Sys=0.00s Real=0.00s
[2021-04-28T13:37:48.179+0530][4.880s] GC(4) Concurrent Rebuild Remembered Sets
[2021-04-28T13:37:48.189+0530][4.889s] GC(4) Concurrent Rebuild Remembered Sets 9.457ms
[2021-04-28T13:37:48.189+0530][4.889s] GC(4) Pause Cleanup
[2021-04-28T13:37:48.189+0530][4.890s] GC(4) Pause Cleanup 22M->22M(512M) 0.149ms
[2021-04-28T13:37:48.189+0530][4.890s] GC(4) User=0.00s Sys=0.00s Real=0.00s
[2021-04-28T13:37:48.189+0530][4.890s] GC(4) Concurrent Cleanup for Next Mark
[2021-04-28T13:37:48.190+0530][4.890s] GC(4) Concurrent Cleanup for Next Mark 0.645ms
[2021-04-28T13:37:48.190+0530][4.890s] GC(4) Concurrent Cycle 41.426ms
[2021-04-28T13:37:50.633+0530][7.333s] GC(5) Pause Young (Normal) (G1 Evacuation Pause)
[2021-04-28T13:37:50.633+0530][7.333s] GC(5) Using 4 workers of 4 for evacuation
[2021-04-28T13:37:50.649+0530][7.349s] GC(5)   Pre Evacuate Collection Set: 0.0ms
[2021-04-28T13:37:50.649+0530][7.349s] GC(5)   Evacuate Collection Set: 15.3ms
[2021-04-28T13:37:50.649+0530][7.349s] GC(5)   Post Evacuate Collection Set: 1.1ms
[2021-04-28T13:37:50.649+0530][7.349s] GC(5)   Other: 0.2ms
[2021-04-28T13:37:50.650+0530][7.349s] GC(5) Eden regions: 56->0(82)
[2021-04-28T13:37:50.650+0530][7.349s] GC(5) Survivor regions: 8->4(8)
[2021-04-28T13:37:50.650+0530][7.350s] GC(5) Old regions: 9->17
[2021-04-28T13:37:50.650+0530][7.350s] GC(5) Humongous regions: 4->4
[2021-04-28T13:37:50.650+0530][7.350s] GC(5) Metaspace: 26724K->26724K(1073152K)
[2021-04-28T13:37:50.650+0530][7.350s] GC(5) Pause Young (Normal) (G1 Evacuation Pause) 76M->24M(512M) 17.092ms
[2021-04-28T13:37:50.650+0530][7.350s] GC(5) User=0.06s Sys=0.02s Real=0.02s
[2021-04-28T13:37:51.947+0530][8.648s] GC(6) Pause Young (Concurrent Start) (Metadata GC Threshold)
[2021-04-28T13:37:51.947+0530][8.648s] GC(6) Using 4 workers of 4 for evacuation
[2021-04-28T13:37:51.955+0530][8.656s] GC(6)   Pre Evacuate Collection Set: 0.0ms
[2021-04-28T13:37:51.955+0530][8.656s] GC(6)   Evacuate Collection Set: 7.5ms
[2021-04-28T13:37:51.955+0530][8.656s] GC(6)   Post Evacuate Collection Set: 0.4ms
[2021-04-28T13:37:51.955+0530][8.656s] GC(6)   Other: 0.3ms
[2021-04-28T13:37:51.955+0530][8.656s] GC(6) Eden regions: 63->0(302)
[2021-04-28T13:37:51.955+0530][8.656s] GC(6) Survivor regions: 4->5(11)
[2021-04-28T13:37:51.955+0530][8.656s] GC(6) Old regions: 17->17
[2021-04-28T13:37:51.955+0530][8.656s] GC(6) Humongous regions: 4->4
[2021-04-28T13:37:51.956+0530][8.656s] GC(6) Metaspace: 35090K->35090K(1081344K)
[2021-04-28T13:37:51.956+0530][8.656s] GC(6) Pause Young (Concurrent Start) (Metadata GC Threshold) 87M->24M(512M) 8.770ms
[2021-04-28T13:37:51.956+0530][8.656s] GC(6) User=0.00s Sys=0.00s Real=0.01s
[2021-04-28T13:37:51.956+0530][8.656s] GC(7) Concurrent Cycle
[2021-04-28T13:37:51.956+0530][8.656s] GC(7) Concurrent Clear Claimed Marks
[2021-04-28T13:37:51.956+0530][8.657s] GC(7) Concurrent Clear Claimed Marks 0.073ms
[2021-04-28T13:37:51.956+0530][8.657s] GC(7) Concurrent Scan Root Regions
[2021-04-28T13:37:51.961+0530][8.662s] GC(7) Concurrent Scan Root Regions 4.952ms
[2021-04-28T13:37:51.961+0530][8.662s] GC(7) Concurrent Mark (8.662s)
[2021-04-28T13:37:51.961+0530][8.662s] GC(7) Concurrent Mark From Roots
[2021-04-28T13:37:51.961+0530][8.662s] GC(7) Using 1 workers of 1 for marking
[2021-04-28T13:37:52.008+0530][8.709s] GC(7) Concurrent Mark From Roots 47.210ms
[2021-04-28T13:37:52.009+0530][8.709s] GC(7) Concurrent Preclean
[2021-04-28T13:37:52.009+0530][8.709s] GC(7) Concurrent Preclean 0.223ms
[2021-04-28T13:37:52.009+0530][8.709s] GC(7) Concurrent Mark (8.662s, 8.709s) 47.600ms
[2021-04-28T13:37:52.024+0530][8.724s] GC(7) Pause Remark
[2021-04-28T13:37:52.028+0530][8.728s] GC(7) Cleaned string and symbol table, strings: 15232 processed, 21 removed, symbols: 112216 processed, 39 removed
[2021-04-28T13:37:52.028+0530][8.728s] GC(7) Pause Remark 26M->26M(512M) 4.110ms
[2021-04-28T13:37:52.028+0530][8.728s] GC(7) User=0.06s Sys=0.00s Real=0.00s
[2021-04-28T13:37:52.028+0530][8.728s] GC(7) Concurrent Rebuild Remembered Sets
[2021-04-28T13:37:52.052+0530][8.752s] GC(7) Concurrent Rebuild Remembered Sets 23.663ms
[2021-04-28T13:37:52.052+0530][8.752s] GC(7) Pause Cleanup
[2021-04-28T13:37:52.052+0530][8.752s] GC(7) Pause Cleanup 26M->26M(512M) 0.134ms
[2021-04-28T13:37:52.052+0530][8.753s] GC(7) User=0.00s Sys=0.00s Real=0.00s
[2021-04-28T13:37:52.052+0530][8.753s] GC(7) Concurrent Cleanup for Next Mark
[2021-04-28T13:37:52.053+0530][8.753s] GC(7) Concurrent Cleanup for Next Mark 0.627ms
[2021-04-28T13:37:52.053+0530][8.753s] GC(7) Concurrent Cycle 96.905ms
[2021-04-28T13:37:54.617+0530][11.318s] GC(8) Pause Young (Concurrent Start) (G1 Evacuation Pause)
[2021-04-28T13:37:54.617+0530][11.318s] GC(8) Using 4 workers of 4 for evacuation
[2021-04-28T13:37:54.633+0530][11.333s] GC(8)   Pre Evacuate Collection Set: 0.1ms
[2021-04-28T13:37:54.633+0530][11.333s] GC(8)   Evacuate Collection Set: 14.3ms
[2021-04-28T13:37:54.633+0530][11.333s] GC(8)   Post Evacuate Collection Set: 0.7ms
[2021-04-28T13:37:54.633+0530][11.333s] GC(8)   Other: 0.4ms
[2021-04-28T13:37:54.633+0530][11.333s] GC(8) Eden regions: 302->0(294)
[2021-04-28T13:37:54.633+0530][11.333s] GC(8) Survivor regions: 5->13(39)
[2021-04-28T13:37:54.633+0530][11.333s] GC(8) Old regions: 17->17
[2021-04-28T13:37:54.633+0530][11.333s] GC(8) Humongous regions: 5->4
[2021-04-28T13:37:54.633+0530][11.333s] GC(8) Metaspace: 46084K->46084K(1091584K)
[2021-04-28T13:37:54.633+0530][11.333s] GC(8) Pause Young (Concurrent Start) (G1 Evacuation Pause) 327M->33M(512M) 15.855ms
[2021-04-28T13:37:54.633+0530][11.333s] GC(8) User=0.06s Sys=0.00s Real=0.02s
[2021-04-28T13:37:54.633+0530][11.334s] GC(9) Concurrent Cycle
[2021-04-28T13:37:54.633+0530][11.334s] GC(9) Concurrent Clear Claimed Marks
[2021-04-28T13:37:54.634+0530][11.334s] GC(9) Concurrent Clear Claimed Marks 0.080ms
[2021-04-28T13:37:54.634+0530][11.334s] GC(9) Concurrent Scan Root Regions
[2021-04-28T13:37:54.648+0530][11.348s] GC(9) Concurrent Scan Root Regions 13.894ms
[2021-04-28T13:37:54.648+0530][11.348s] GC(9) Concurrent Mark (11.348s)
[2021-04-28T13:37:54.648+0530][11.348s] GC(9) Concurrent Mark From Roots
[2021-04-28T13:37:54.648+0530][11.348s] GC(9) Using 1 workers of 1 for marking
[2021-04-28T13:37:54.700+0530][11.400s] GC(9) Concurrent Mark From Roots 51.907ms
[2021-04-28T13:37:54.700+0530][11.400s] GC(9) Concurrent Preclean
[2021-04-28T13:37:54.700+0530][11.400s] GC(9) Concurrent Preclean 0.244ms
[2021-04-28T13:37:54.700+0530][11.400s] GC(9) Concurrent Mark (11.348s, 11.400s) 52.328ms
[2021-04-28T13:37:54.702+0530][11.402s] GC(9) Pause Remark
[2021-04-28T13:37:54.710+0530][11.410s] GC(9) Cleaned string and symbol table, strings: 19995 processed, 0 removed, symbols: 143705 processed, 179 removed
[2021-04-28T13:37:54.710+0530][11.410s] GC(9) Pause Remark 62M->62M(512M) 7.629ms
[2021-04-28T13:37:54.710+0530][11.410s] GC(9) User=0.00s Sys=0.00s Real=0.01s
[2021-04-28T13:37:54.710+0530][11.410s] GC(9) Concurrent Rebuild Remembered Sets
[2021-04-28T13:37:54.732+0530][11.432s] GC(9) Concurrent Rebuild Remembered Sets 21.808ms
[2021-04-28T13:37:54.732+0530][11.432s] GC(9) Pause Cleanup
[2021-04-28T13:37:54.733+0530][11.432s] GC(9) Pause Cleanup 63M->63M(512M) 0.141ms
[2021-04-28T13:37:54.733+0530][11.432s] GC(9) User=0.00s Sys=0.00s Real=0.00s
[2021-04-28T13:37:54.736+0530][11.436s] GC(9) Concurrent Cleanup for Next Mark
[2021-04-28T13:37:54.737+0530][11.437s] GC(9) Concurrent Cleanup for Next Mark 0.676ms
[2021-04-28T13:37:54.737+0530][11.437s] GC(9) Concurrent Cycle 103.198ms
[2021-04-28T13:37:55.508+0530][12.208s] GC(10) Pause Young (Normal) (G1 Evacuation Pause)
[2021-04-28T13:37:55.508+0530][12.209s] GC(10) Using 4 workers of 4 for evacuation
[2021-04-28T13:37:55.524+0530][12.224s] GC(10)   Pre Evacuate Collection Set: 0.0ms
[2021-04-28T13:37:55.524+0530][12.224s] GC(10)   Evacuate Collection Set: 14.7ms
[2021-04-28T13:37:55.524+0530][12.224s] GC(10)   Post Evacuate Collection Set: 0.7ms
[2021-04-28T13:37:55.524+0530][12.224s] GC(10)   Other: 0.3ms
[2021-04-28T13:37:55.524+0530][12.224s] GC(10) Eden regions: 294->0(290)
[2021-04-28T13:37:55.524+0530][12.224s] GC(10) Survivor regions: 13->17(39)
[2021-04-28T13:37:55.524+0530][12.224s] GC(10) Old regions: 17->17
[2021-04-28T13:37:55.524+0530][12.224s] GC(10) Humongous regions: 5->5
[2021-04-28T13:37:55.524+0530][12.224s] GC(10) Metaspace: 48497K->48497K(1093632K)
[2021-04-28T13:37:55.524+0530][12.224s] GC(10) Pause Young (Normal) (G1 Evacuation Pause) 328M->38M(512M) 16.030ms
[2021-04-28T13:37:55.524+0530][12.225s] GC(10) User=0.06s Sys=0.00s Real=0.02s
[2021-04-28T13:40:37.943+0530][174.643s] GC(11) Pause Young (Normal) (G1 Evacuation Pause)
[2021-04-28T13:40:37.943+0530][174.643s] GC(11) Using 4 workers of 4 for evacuation
[2021-04-28T13:40:37.972+0530][174.672s] GC(11)   Pre Evacuate Collection Set: 0.0ms
[2021-04-28T13:40:37.972+0530][174.672s] GC(11)   Evacuate Collection Set: 27.5ms
[2021-04-28T13:40:37.972+0530][174.672s] GC(11)   Post Evacuate Collection Set: 1.1ms
[2021-04-28T13:40:37.972+0530][174.672s] GC(11)   Other: 0.3ms
[2021-04-28T13:40:37.972+0530][174.672s] GC(11) Eden regions: 290->0(280)
[2021-04-28T13:40:37.972+0530][174.672s] GC(11) Survivor regions: 17->27(39)
[2021-04-28T13:40:37.972+0530][174.672s] GC(11) Old regions: 17->17
[2021-04-28T13:40:37.972+0530][174.672s] GC(11) Humongous regions: 5->5
[2021-04-28T13:40:37.972+0530][174.672s] GC(11) Metaspace: 59903K->59903K(1103872K)
[2021-04-28T13:40:37.972+0530][174.672s] GC(11) Pause Young (Normal) (G1 Evacuation Pause) 328M->48M(512M) 29.281ms
[2021-04-28T13:40:37.972+0530][174.672s] GC(11) User=0.13s Sys=0.00s Real=0.03s
[2021-04-28T13:40:48.004+0530][184.703s] GC(12) Pause Young (Normal) (G1 Evacuation Pause)
[2021-04-28T13:40:48.004+0530][184.704s] GC(12) Using 4 workers of 4 for evacuation
[2021-04-28T13:40:48.047+0530][184.748s] GC(12)   Pre Evacuate Collection Set: 0.0ms
[2021-04-28T13:40:48.047+0530][184.748s] GC(12)   Evacuate Collection Set: 42.6ms
[2021-04-28T13:40:48.047+0530][184.748s] GC(12)   Post Evacuate Collection Set: 1.3ms
[2021-04-28T13:40:48.047+0530][184.748s] GC(12)   Other: 0.3ms
[2021-04-28T13:40:48.047+0530][184.748s] GC(12) Eden regions: 280->0(252)
[2021-04-28T13:40:48.047+0530][184.748s] GC(12) Survivor regions: 27->39(39)
[2021-04-28T13:40:48.047+0530][184.748s] GC(12) Old regions: 17->59
[2021-04-28T13:40:48.048+0530][184.748s] GC(12) Humongous regions: 35->35
[2021-04-28T13:40:48.048+0530][184.748s] GC(12) Metaspace: 62925K->62925K(1105920K)
[2021-04-28T13:40:48.048+0530][184.748s] GC(12) Pause Young (Normal) (G1 Evacuation Pause) 358M->132M(512M) 44.839ms
[2021-04-28T13:40:48.048+0530][184.748s] GC(12) User=0.19s Sys=0.00s Real=0.04s
[2021-04-28T13:41:03.606+0530][200.306s] GC(13) Pause Young (Normal) (G1 Evacuation Pause)
[2021-04-28T13:41:03.606+0530][200.306s] GC(13) Using 4 workers of 4 for evacuation
[2021-04-28T13:41:03.624+0530][200.324s] GC(13)   Pre Evacuate Collection Set: 0.0ms
[2021-04-28T13:41:03.624+0530][200.324s] GC(13)   Evacuate Collection Set: 17.3ms
[2021-04-28T13:41:03.624+0530][200.324s] GC(13)   Post Evacuate Collection Set: 0.5ms
[2021-04-28T13:41:03.624+0530][200.324s] GC(13)   Other: 0.3ms
[2021-04-28T13:41:03.624+0530][200.324s] GC(13) Eden regions: 252->0(257)
[2021-04-28T13:41:03.624+0530][200.324s] GC(13) Survivor regions: 39->6(37)
[2021-04-28T13:41:03.624+0530][200.324s] GC(13) Old regions: 59->94
[2021-04-28T13:41:03.624+0530][200.324s] GC(13) Humongous regions: 35->35
[2021-04-28T13:41:03.624+0530][200.325s] GC(13) Metaspace: 64069K->64069K(1107968K)
[2021-04-28T13:41:03.624+0530][200.325s] GC(13) Pause Young (Normal) (G1 Evacuation Pause) 384M->134M(512M) 18.484ms
[2021-04-28T13:41:03.624+0530][200.325s] GC(13) User=0.06s Sys=0.00s Real=0.02s
[2021-04-28T13:41:22.935+0530][219.635s] GC(14) Pause Young (Normal) (G1 Evacuation Pause)
[2021-04-28T13:41:22.935+0530][219.635s] GC(14) Using 4 workers of 4 for evacuation
[2021-04-28T13:41:22.946+0530][219.645s] GC(14)   Pre Evacuate Collection Set: 0.0ms
[2021-04-28T13:41:22.946+0530][219.645s] GC(14)   Evacuate Collection Set: 9.5ms
[2021-04-28T13:41:22.946+0530][219.645s] GC(14)   Post Evacuate Collection Set: 0.5ms
[2021-04-28T13:41:22.946+0530][219.645s] GC(14)   Other: 0.3ms
[2021-04-28T13:41:22.946+0530][219.645s] GC(14) Eden regions: 257->0(255)
[2021-04-28T13:41:22.946+0530][219.645s] GC(14) Survivor regions: 6->16(33)
[2021-04-28T13:41:22.946+0530][219.646s] GC(14) Old regions: 94->94
[2021-04-28T13:41:22.946+0530][219.646s] GC(14) Humongous regions: 35->35
[2021-04-28T13:41:22.946+0530][219.646s] GC(14) Metaspace: 64871K->64871K(1107968K)
[2021-04-28T13:41:22.946+0530][219.646s] GC(14) Pause Young (Normal) (G1 Evacuation Pause) 391M->144M(512M) 10.644ms
[2021-04-28T13:41:22.946+0530][219.646s] GC(14) User=0.00s Sys=0.00s Real=0.01s
[2021-04-28T13:41:41.394+0530][238.095s] GC(15) Pause Young (Normal) (G1 Evacuation Pause)
[2021-04-28T13:41:41.394+0530][238.095s] GC(15) Using 4 workers of 4 for evacuation
[2021-04-28T13:41:41.405+0530][238.105s] GC(15)   Pre Evacuate Collection Set: 0.0ms
[2021-04-28T13:41:41.405+0530][238.105s] GC(15)   Evacuate Collection Set: 9.6ms
[2021-04-28T13:41:41.405+0530][238.105s] GC(15)   Post Evacuate Collection Set: 0.5ms
[2021-04-28T13:41:41.405+0530][238.105s] GC(15)   Other: 0.3ms
[2021-04-28T13:41:41.405+0530][238.106s] GC(15) Eden regions: 255->0(255)
[2021-04-28T13:41:41.405+0530][238.106s] GC(15) Survivor regions: 16->23(34)
[2021-04-28T13:41:41.405+0530][238.106s] GC(15) Old regions: 94->94
[2021-04-28T13:41:41.405+0530][238.106s] GC(15) Humongous regions: 35->35
[2021-04-28T13:41:41.405+0530][238.106s] GC(15) Metaspace: 65069K->65069K(1107968K)
[2021-04-28T13:41:41.405+0530][238.106s] GC(15) Pause Young (Normal) (G1 Evacuation Pause) 399M->152M(512M) 10.775ms
[2021-04-28T13:41:41.405+0530][238.106s] GC(15) User=0.06s Sys=0.00s Real=0.01s
[2021-04-28T13:41:44.253+0530][240.954s] GC(16) Pause Young (Normal) (G1 Evacuation Pause)
[2021-04-28T13:41:44.253+0530][240.954s] GC(16) Using 4 workers of 4 for evacuation
[2021-04-28T13:41:44.263+0530][240.964s] GC(16)   Pre Evacuate Collection Set: 0.0ms
[2021-04-28T13:41:44.264+0530][240.964s] GC(16)   Evacuate Collection Set: 9.6ms
[2021-04-28T13:41:44.264+0530][240.964s] GC(16)   Post Evacuate Collection Set: 0.4ms
[2021-04-28T13:41:44.264+0530][240.964s] GC(16)   Other: 0.3ms
[2021-04-28T13:41:44.264+0530][240.964s] GC(16) Eden regions: 255->0(262)
[2021-04-28T13:41:44.264+0530][240.964s] GC(16) Survivor regions: 23->10(35)
[2021-04-28T13:41:44.264+0530][240.964s] GC(16) Old regions: 94->107
[2021-04-28T13:41:44.264+0530][240.964s] GC(16) Humongous regions: 35->35
[2021-04-28T13:41:44.264+0530][240.964s] GC(16) Metaspace: 65127K->65127K(1107968K)
[2021-04-28T13:41:44.264+0530][240.964s] GC(16) Pause Young (Normal) (G1 Evacuation Pause) 407M->151M(512M) 10.647ms
[2021-04-28T13:41:44.264+0530][240.964s] GC(16) User=0.06s Sys=0.00s Real=0.01s
[2021-04-28T16:41:32.455+0530][11029.164s] GC(17) Pause Young (Normal) (G1 Evacuation Pause)
[2021-04-28T16:41:32.456+0530][11029.165s] GC(17) Using 4 workers of 4 for evacuation
[2021-04-28T16:41:32.685+0530][11029.394s] GC(17)   Pre Evacuate Collection Set: 4.4ms
[2021-04-28T16:41:32.686+0530][11029.395s] GC(17)   Evacuate Collection Set: 219.5ms
[2021-04-28T16:41:32.686+0530][11029.395s] GC(17)   Post Evacuate Collection Set: 4.1ms
[2021-04-28T16:41:32.686+0530][11029.395s] GC(17)   Other: 2.8ms
[2021-04-28T16:41:32.686+0530][11029.395s] GC(17) Eden regions: 262->0(241)
[2021-04-28T16:41:32.686+0530][11029.395s] GC(17) Survivor regions: 10->30(34)
[2021-04-28T16:41:32.686+0530][11029.395s] GC(17) Old regions: 107->107
[2021-04-28T16:41:32.686+0530][11029.395s] GC(17) Humongous regions: 35->35
[2021-04-28T16:41:32.686+0530][11029.395s] GC(17) Metaspace: 67779K->67779K(1110016K)
[2021-04-28T16:41:32.686+0530][11029.395s] GC(17) Pause Young (Normal) (G1 Evacuation Pause) 413M->171M(512M) 230.753ms
[2021-04-28T16:41:32.686+0530][11029.395s] GC(17) User=0.23s Sys=0.45s Real=0.23s
[2021-04-29T08:33:34.247+0530][68168.448s] GC(18) Pause Young (Normal) (G1 Evacuation Pause)
[2021-04-29T08:33:34.248+0530][68168.448s] GC(18) Using 4 workers of 4 for evacuation
[2021-04-29T08:33:34.328+0530][68168.529s] GC(18)   Pre Evacuate Collection Set: 2.2ms
[2021-04-29T08:33:34.329+0530][68168.529s] GC(18)   Evacuate Collection Set: 75.8ms
[2021-04-29T08:33:34.329+0530][68168.529s] GC(18)   Post Evacuate Collection Set: 1.9ms
[2021-04-29T08:33:34.329+0530][68168.529s] GC(18)   Other: 1.5ms
[2021-04-29T08:33:34.329+0530][68168.529s] GC(18) Eden regions: 241->0(245)
[2021-04-29T08:33:34.329+0530][68168.529s] GC(18) Survivor regions: 30->4(34)
[2021-04-29T08:33:34.329+0530][68168.529s] GC(18) Old regions: 107->136
[2021-04-29T08:33:34.329+0530][68168.529s] GC(18) Humongous regions: 35->35
[2021-04-29T08:33:34.329+0530][68168.529s] GC(18) Metaspace: 70595K->70595K(1114112K)
[2021-04-29T08:33:34.329+0530][68168.529s] GC(18) Pause Young (Normal) (G1 Evacuation Pause) 412M->174M(512M) 81.707ms
[2021-04-29T08:33:34.329+0530][68168.529s] GC(18) User=0.11s Sys=0.20s Real=0.08s
[2021-04-29T08:33:34.661+0530][68168.862s] GC(19) Pause Young (Normal) (G1 Evacuation Pause)
[2021-04-29T08:33:34.661+0530][68168.862s] GC(19) Using 4 workers of 4 for evacuation
[2021-04-29T08:33:34.671+0530][68168.871s] GC(19)   Pre Evacuate Collection Set: 0.0ms
[2021-04-29T08:33:34.671+0530][68168.871s] GC(19)   Evacuate Collection Set: 8.7ms
[2021-04-29T08:33:34.671+0530][68168.871s] GC(19)   Post Evacuate Collection Set: 0.4ms
[2021-04-29T08:33:34.671+0530][68168.871s] GC(19)   Other: 0.4ms
[2021-04-29T08:33:34.671+0530][68168.871s] GC(19) Eden regions: 245->0(247)
[2021-04-29T08:33:34.671+0530][68168.871s] GC(19) Survivor regions: 4->7(32)
[2021-04-29T08:33:34.671+0530][68168.871s] GC(19) Old regions: 136->136
[2021-04-29T08:33:34.671+0530][68168.871s] GC(19) Humongous regions: 35->35
[2021-04-29T08:33:34.671+0530][68168.871s] GC(19) Metaspace: 70625K->70625K(1114112K)
[2021-04-29T08:33:34.671+0530][68168.871s] GC(19) Pause Young (Normal) (G1 Evacuation Pause) 419M->177M(512M) 9.584ms
[2021-04-29T08:33:34.671+0530][68168.871s] GC(19) User=0.03s Sys=0.03s Real=0.01s
[2021-04-29T08:33:36.321+0530][68170.521s] GC(20) Pause Young (Normal) (G1 Evacuation Pause)
[2021-04-29T08:33:36.321+0530][68170.521s] GC(20) Using 4 workers of 4 for evacuation
[2021-04-29T08:33:36.338+0530][68170.538s] GC(20)   Pre Evacuate Collection Set: 0.0ms
[2021-04-29T08:33:36.338+0530][68170.539s] GC(20)   Evacuate Collection Set: 16.7ms
[2021-04-29T08:33:36.338+0530][68170.539s] GC(20)   Post Evacuate Collection Set: 0.5ms
[2021-04-29T08:33:36.339+0530][68170.539s] GC(20)   Other: 0.2ms
[2021-04-29T08:33:36.339+0530][68170.539s] GC(20) Eden regions: 247->0(244)
[2021-04-29T08:33:36.339+0530][68170.539s] GC(20) Survivor regions: 7->12(32)
[2021-04-29T08:33:36.339+0530][68170.539s] GC(20) Old regions: 136->136
[2021-04-29T08:33:36.339+0530][68170.539s] GC(20) Humongous regions: 35->35
[2021-04-29T08:33:36.339+0530][68170.539s] GC(20) Metaspace: 70921K->70921K(1114112K)
[2021-04-29T08:33:36.339+0530][68170.539s] GC(20) Pause Young (Normal) (G1 Evacuation Pause) 424M->182M(512M) 17.781ms
[2021-04-29T08:33:36.339+0530][68170.539s] GC(20) User=0.09s Sys=0.03s Real=0.02s
[2021-04-29T08:34:06.568+0530][68200.768s] GC(21) Pause Young (Normal) (G1 Evacuation Pause)
[2021-04-29T08:34:06.568+0530][68200.768s] GC(21) Using 4 workers of 4 for evacuation
[2021-04-29T08:34:06.597+0530][68200.798s] GC(21)   Pre Evacuate Collection Set: 0.1ms
[2021-04-29T08:34:06.597+0530][68200.798s] GC(21)   Evacuate Collection Set: 29.1ms
[2021-04-29T08:34:06.597+0530][68200.798s] GC(21)   Post Evacuate Collection Set: 0.6ms
[2021-04-29T08:34:06.597+0530][68200.798s] GC(21)   Other: 0.4ms
[2021-04-29T08:34:06.597+0530][68200.798s] GC(21) Eden regions: 244->0(202)
[2021-04-29T08:34:06.598+0530][68200.798s] GC(21) Survivor regions: 12->32(32)
[2021-04-29T08:34:06.598+0530][68200.798s] GC(21) Old regions: 136->140
[2021-04-29T08:34:06.598+0530][68200.798s] GC(21) Humongous regions: 43->43
[2021-04-29T08:34:06.598+0530][68200.799s] GC(21) Metaspace: 71100K->71100K(1114112K)
[2021-04-29T08:34:06.598+0530][68200.799s] GC(21) Pause Young (Normal) (G1 Evacuation Pause) 434M->214M(512M) 30.531ms
[2021-04-29T08:34:06.598+0530][68200.799s] GC(21) User=0.13s Sys=0.00s Real=0.03s
[2021-04-29T08:34:13.605+0530][68207.805s] GC(22) Pause Young (Normal) (G1 Evacuation Pause)
[2021-04-29T08:34:13.605+0530][68207.805s] GC(22) Using 4 workers of 4 for evacuation
[2021-04-29T08:34:13.663+0530][68207.863s] GC(22)   Pre Evacuate Collection Set: 0.0ms
[2021-04-29T08:34:13.663+0530][68207.863s] GC(22)   Evacuate Collection Set: 57.5ms
[2021-04-29T08:34:13.663+0530][68207.864s] GC(22)   Post Evacuate Collection Set: 0.4ms
[2021-04-29T08:34:13.663+0530][68207.864s] GC(22)   Other: 0.2ms
[2021-04-29T08:34:13.663+0530][68207.864s] GC(22) Eden regions: 202->0(202)
[2021-04-29T08:34:13.663+0530][68207.864s] GC(22) Survivor regions: 32->8(30)
[2021-04-29T08:34:13.663+0530][68207.864s] GC(22) Old regions: 140->167
[2021-04-29T08:34:13.663+0530][68207.864s] GC(22) Humongous regions: 43->43
[2021-04-29T08:34:13.663+0530][68207.864s] GC(22) Metaspace: 71157K->71157K(1114112K)
[2021-04-29T08:34:13.663+0530][68207.864s] GC(22) Pause Young (Normal) (G1 Evacuation Pause) 416M->217M(512M) 58.523ms
[2021-04-29T08:34:13.664+0530][68207.864s] GC(22) User=0.09s Sys=0.08s Real=0.06s
[2021-04-29T08:34:32.840+0530][68227.040s] GC(23) Pause Young (Normal) (G1 Evacuation Pause)
[2021-04-29T08:34:32.840+0530][68227.040s] GC(23) Using 4 workers of 4 for evacuation
[2021-04-29T08:34:32.850+0530][68227.050s] GC(23)   Pre Evacuate Collection Set: 0.0ms
[2021-04-29T08:34:32.850+0530][68227.050s] GC(23)   Evacuate Collection Set: 9.1ms
[2021-04-29T08:34:32.850+0530][68227.050s] GC(23)   Post Evacuate Collection Set: 0.4ms
[2021-04-29T08:34:32.850+0530][68227.050s] GC(23)   Other: 0.2ms
[2021-04-29T08:34:32.850+0530][68227.050s] GC(23) Eden regions: 202->0(191)
[2021-04-29T08:34:32.850+0530][68227.050s] GC(23) Survivor regions: 8->20(27)
[2021-04-29T08:34:32.850+0530][68227.050s] GC(23) Old regions: 167->167
[2021-04-29T08:34:32.850+0530][68227.050s] GC(23) Humongous regions: 43->43
[2021-04-29T08:34:32.850+0530][68227.050s] GC(23) Metaspace: 71333K->71333K(1114112K)
[2021-04-29T08:34:32.850+0530][68227.050s] GC(23) Pause Young (Normal) (G1 Evacuation Pause) 419M->228M(512M) 10.061ms
[2021-04-29T08:34:32.850+0530][68227.050s] GC(23) User=0.00s Sys=0.00s Real=0.01s
[2021-04-29T08:34:34.965+0530][68229.165s] GC(24) Pause Young (Normal) (G1 Evacuation Pause)
[2021-04-29T08:34:34.965+0530][68229.165s] GC(24) Using 4 workers of 4 for evacuation
[2021-04-29T08:34:34.972+0530][68229.173s] GC(24)   Pre Evacuate Collection Set: 0.0ms
[2021-04-29T08:34:34.973+0530][68229.173s] GC(24)   Evacuate Collection Set: 6.7ms
[2021-04-29T08:34:34.973+0530][68229.173s] GC(24)   Post Evacuate Collection Set: 0.3ms
[2021-04-29T08:34:34.973+0530][68229.173s] GC(24)   Other: 0.2ms
[2021-04-29T08:34:34.973+0530][68229.173s] GC(24) Eden regions: 191->0(199)
[2021-04-29T08:34:34.973+0530][68229.173s] GC(24) Survivor regions: 20->3(27)
[2021-04-29T08:34:34.973+0530][68229.173s] GC(24) Old regions: 167->182
[2021-04-29T08:34:34.973+0530][68229.173s] GC(24) Humongous regions: 43->43
[2021-04-29T08:34:34.973+0530][68229.173s] GC(24) Metaspace: 71411K->71411K(1114112K)
[2021-04-29T08:34:34.973+0530][68229.173s] GC(24) Pause Young (Normal) (G1 Evacuation Pause) 419M->227M(512M) 7.555ms
[2021-04-29T08:34:34.973+0530][68229.173s] GC(24) User=0.00s Sys=0.00s Real=0.01s
[2021-04-29T08:39:49.589+0530][68543.789s] GC(25) Pause Young (Normal) (G1 Evacuation Pause)
[2021-04-29T08:39:49.589+0530][68543.789s] GC(25) Using 4 workers of 4 for evacuation
[2021-04-29T08:39:49.609+0530][68543.809s] GC(25)   Pre Evacuate Collection Set: 0.1ms
[2021-04-29T08:39:49.609+0530][68543.809s] GC(25)   Evacuate Collection Set: 19.2ms
[2021-04-29T08:39:49.609+0530][68543.810s] GC(25)   Post Evacuate Collection Set: 0.9ms
[2021-04-29T08:39:49.609+0530][68543.810s] GC(25)   Other: 0.2ms
[2021-04-29T08:39:49.609+0530][68543.810s] GC(25) Eden regions: 199->0(194)
[2021-04-29T08:39:49.609+0530][68543.810s] GC(25) Survivor regions: 3->9(26)
[2021-04-29T08:39:49.609+0530][68543.810s] GC(25) Old regions: 182->182
[2021-04-29T08:39:49.609+0530][68543.810s] GC(25) Humongous regions: 43->43
[2021-04-29T08:39:49.609+0530][68543.810s] GC(25) Metaspace: 71854K->71854K(1114112K)
[2021-04-29T08:39:49.609+0530][68543.810s] GC(25) Pause Young (Normal) (G1 Evacuation Pause) 426M->233M(512M) 20.874ms
[2021-04-29T08:39:49.609+0530][68543.810s] GC(25) User=0.06s Sys=0.00s Real=0.02s
