[2021-04-28T12:24:07.345+0530][0.034s] Heap region size: 1M
[2021-04-28T12:24:07.746+0530][0.436s] Using G1
[2021-04-28T12:24:07.746+0530][0.436s] Heap address: 0x00000000e0000000, size: 512 MB, Compressed Oops mode: 32-bit
[2021-04-28T12:24:11.484+0530][4.173s] GC(0) Pause Young (Normal) (G1 Evacuation Pause)
[2021-04-28T12:24:11.484+0530][4.173s] GC(0) Using 4 workers of 4 for evacuation
[2021-04-28T12:24:11.488+0530][4.177s] GC(0)   Pre Evacuate Collection Set: 0.0ms
[2021-04-28T12:24:11.488+0530][4.177s] GC(0)   Evacuate Collection Set: 2.9ms
[2021-04-28T12:24:11.488+0530][4.177s] GC(0)   Post Evacuate Collection Set: 0.4ms
[2021-04-28T12:24:11.488+0530][4.177s] GC(0)   Other: 0.5ms
[2021-04-28T12:24:11.488+0530][4.177s] GC(0) Eden regions: 25->0(26)
[2021-04-28T12:24:11.501+0530][4.190s] GC(0) Survivor regions: 0->4(4)
[2021-04-28T12:24:11.501+0530][4.190s] GC(0) Old regions: 0->3
[2021-04-28T12:24:11.501+0530][4.190s] GC(0) Humongous regions: 0->0
[2021-04-28T12:24:11.501+0530][4.190s] GC(0) Metaspace: 9469K->9469K(1058816K)
[2021-04-28T12:24:11.501+0530][4.190s] GC(0) Pause Young (Normal) (G1 Evacuation Pause) 25M->6M(512M) 17.259ms
[2021-04-28T12:24:11.501+0530][4.190s] GC(0) User=0.00s Sys=0.00s Real=0.02s
[2021-04-28T12:24:11.783+0530][4.473s] GC(1) Pause Young (Normal) (G1 Evacuation Pause)
[2021-04-28T12:24:11.783+0530][4.473s] GC(1) Using 4 workers of 4 for evacuation
[2021-04-28T12:24:11.787+0530][4.476s] GC(1)   Pre Evacuate Collection Set: 0.0ms
[2021-04-28T12:24:11.787+0530][4.477s] GC(1)   Evacuate Collection Set: 3.3ms
[2021-04-28T12:24:11.787+0530][4.477s] GC(1)   Post Evacuate Collection Set: 0.3ms
[2021-04-28T12:24:11.787+0530][4.477s] GC(1)   Other: 0.2ms
[2021-04-28T12:24:11.787+0530][4.477s] GC(1) Eden regions: 21->0(43)
[2021-04-28T12:24:11.787+0530][4.477s] GC(1) Survivor regions: 4->1(4)
[2021-04-28T12:24:11.787+0530][4.477s] GC(1) Old regions: 3->7
[2021-04-28T12:24:11.787+0530][4.477s] GC(1) Humongous regions: 0->0
[2021-04-28T12:24:11.787+0530][4.477s] GC(1) Metaspace: 11988K->11988K(1060864K)
[2021-04-28T12:24:11.787+0530][4.477s] GC(1) Pause Young (Normal) (G1 Evacuation Pause) 27M->7M(512M) 4.254ms
[2021-04-28T12:24:11.787+0530][4.477s] GC(1) User=0.00s Sys=0.00s Real=0.00s
[2021-04-28T12:24:12.413+0530][5.103s] GC(2) Pause Young (Normal) (G1 Evacuation Pause)
[2021-04-28T12:24:12.413+0530][5.103s] GC(2) Using 4 workers of 4 for evacuation
[2021-04-28T12:24:12.418+0530][5.107s] GC(2)   Pre Evacuate Collection Set: 0.0ms
[2021-04-28T12:24:12.418+0530][5.108s] GC(2)   Evacuate Collection Set: 4.1ms
[2021-04-28T12:24:12.418+0530][5.108s] GC(2)   Post Evacuate Collection Set: 0.4ms
[2021-04-28T12:24:12.418+0530][5.108s] GC(2)   Other: 0.2ms
[2021-04-28T12:24:12.418+0530][5.108s] GC(2) Eden regions: 43->0(58)
[2021-04-28T12:24:12.418+0530][5.108s] GC(2) Survivor regions: 1->3(6)
[2021-04-28T12:24:12.418+0530][5.108s] GC(2) Old regions: 7->7
[2021-04-28T12:24:12.418+0530][5.108s] GC(2) Humongous regions: 0->0
[2021-04-28T12:24:12.418+0530][5.108s] GC(2) Metaspace: 17621K->17621K(1064960K)
[2021-04-28T12:24:12.418+0530][5.108s] GC(2) Pause Young (Normal) (G1 Evacuation Pause) 50M->9M(512M) 5.136ms
[2021-04-28T12:24:12.419+0530][5.108s] GC(2) User=0.06s Sys=0.00s Real=0.01s
[2021-04-28T12:24:12.772+0530][5.461s] GC(3) Pause Young (Concurrent Start) (Metadata GC Threshold)
[2021-04-28T12:24:12.772+0530][5.461s] GC(3) Using 4 workers of 4 for evacuation
[2021-04-28T12:24:12.785+0530][5.475s] GC(3)   Pre Evacuate Collection Set: 0.0ms
[2021-04-28T12:24:12.786+0530][5.475s] GC(3)   Evacuate Collection Set: 13.0ms
[2021-04-28T12:24:12.786+0530][5.475s] GC(3)   Post Evacuate Collection Set: 0.4ms
[2021-04-28T12:24:12.786+0530][5.475s] GC(3)   Other: 0.2ms
[2021-04-28T12:24:12.786+0530][5.475s] GC(3) Eden regions: 18->0(55)
[2021-04-28T12:24:12.786+0530][5.475s] GC(3) Survivor regions: 3->8(8)
[2021-04-28T12:24:12.786+0530][5.475s] GC(3) Old regions: 7->9
[2021-04-28T12:24:12.786+0530][5.475s] GC(3) Humongous regions: 4->4
[2021-04-28T12:24:12.786+0530][5.475s] GC(3) Metaspace: 20704K->20704K(1069056K)
[2021-04-28T12:24:12.786+0530][5.475s] GC(3) Pause Young (Concurrent Start) (Metadata GC Threshold) 30M->20M(512M) 14.047ms
[2021-04-28T12:24:12.786+0530][5.475s] GC(3) User=0.06s Sys=0.00s Real=0.01s
[2021-04-28T12:24:12.786+0530][5.475s] GC(4) Concurrent Cycle
[2021-04-28T12:24:12.786+0530][5.475s] GC(4) Concurrent Clear Claimed Marks
[2021-04-28T12:24:12.786+0530][5.476s] GC(4) Concurrent Clear Claimed Marks 0.058ms
[2021-04-28T12:24:12.786+0530][5.476s] GC(4) Concurrent Scan Root Regions
[2021-04-28T12:24:12.793+0530][5.482s] GC(4) Concurrent Scan Root Regions 6.655ms
[2021-04-28T12:24:12.793+0530][5.482s] GC(4) Concurrent Mark (5.482s)
[2021-04-28T12:24:12.793+0530][5.482s] GC(4) Concurrent Mark From Roots
[2021-04-28T12:24:12.793+0530][5.482s] GC(4) Using 1 workers of 1 for marking
[2021-04-28T12:24:12.810+0530][5.500s] GC(4) Concurrent Mark From Roots 17.200ms
[2021-04-28T12:24:12.810+0530][5.500s] GC(4) Concurrent Preclean
[2021-04-28T12:24:12.810+0530][5.500s] GC(4) Concurrent Preclean 0.189ms
[2021-04-28T12:24:12.810+0530][5.500s] GC(4) Concurrent Mark (5.482s, 5.500s) 17.517ms
[2021-04-28T12:24:12.811+0530][5.500s] GC(4) Pause Remark
[2021-04-28T12:24:12.813+0530][5.502s] GC(4) Cleaned string and symbol table, strings: 9552 processed, 1 removed, symbols: 68138 processed, 22 removed
[2021-04-28T12:24:12.813+0530][5.502s] GC(4) Pause Remark 21M->21M(512M) 2.304ms
[2021-04-28T12:24:12.813+0530][5.502s] GC(4) User=0.00s Sys=0.00s Real=0.00s
[2021-04-28T12:24:12.813+0530][5.502s] GC(4) Concurrent Rebuild Remembered Sets
[2021-04-28T12:24:12.822+0530][5.512s] GC(4) Concurrent Rebuild Remembered Sets 9.210ms
[2021-04-28T12:24:12.822+0530][5.512s] GC(4) Pause Cleanup
[2021-04-28T12:24:12.823+0530][5.512s] GC(4) Pause Cleanup 22M->22M(512M) 0.165ms
[2021-04-28T12:24:12.823+0530][5.512s] GC(4) User=0.00s Sys=0.00s Real=0.00s
[2021-04-28T12:24:12.823+0530][5.512s] GC(4) Concurrent Cleanup for Next Mark
[2021-04-28T12:24:12.823+0530][5.513s] GC(4) Concurrent Cleanup for Next Mark 0.638ms
[2021-04-28T12:24:12.823+0530][5.513s] GC(4) Concurrent Cycle 37.355ms
[2021-04-28T12:24:14.150+0530][6.839s] GC(5) Pause Young (Normal) (G1 Evacuation Pause)
[2021-04-28T12:24:14.150+0530][6.839s] GC(5) Using 4 workers of 4 for evacuation
[2021-04-28T12:24:14.164+0530][6.853s] GC(5)   Pre Evacuate Collection Set: 0.0ms
[2021-04-28T12:24:14.164+0530][6.853s] GC(5)   Evacuate Collection Set: 13.0ms
[2021-04-28T12:24:14.164+0530][6.853s] GC(5)   Post Evacuate Collection Set: 0.9ms
[2021-04-28T12:24:14.164+0530][6.853s] GC(5)   Other: 0.2ms
[2021-04-28T12:24:14.164+0530][6.853s] GC(5) Eden regions: 52->0(76)
[2021-04-28T12:24:14.164+0530][6.853s] GC(5) Survivor regions: 8->4(8)
[2021-04-28T12:24:14.164+0530][6.853s] GC(5) Old regions: 9->17
[2021-04-28T12:24:14.164+0530][6.853s] GC(5) Humongous regions: 4->4
[2021-04-28T12:24:14.165+0530][6.853s] GC(5) Metaspace: 25989K->25989K(1073152K)
[2021-04-28T12:24:14.165+0530][6.853s] GC(5) Pause Young (Normal) (G1 Evacuation Pause) 72M->24M(512M) 14.433ms
[2021-04-28T12:24:14.165+0530][6.853s] GC(5) User=0.06s Sys=0.00s Real=0.01s
[2021-04-28T12:24:15.669+0530][8.357s] GC(6) Pause Young (Concurrent Start) (Metadata GC Threshold)
[2021-04-28T12:24:15.669+0530][8.358s] GC(6) Using 4 workers of 4 for evacuation
[2021-04-28T12:24:15.675+0530][8.364s] GC(6)   Pre Evacuate Collection Set: 0.1ms
[2021-04-28T12:24:15.675+0530][8.364s] GC(6)   Evacuate Collection Set: 5.8ms
[2021-04-28T12:24:15.675+0530][8.364s] GC(6)   Post Evacuate Collection Set: 0.4ms
[2021-04-28T12:24:15.675+0530][8.364s] GC(6)   Other: 0.3ms
[2021-04-28T12:24:15.675+0530][8.364s] GC(6) Eden regions: 75->0(302)
[2021-04-28T12:24:15.675+0530][8.364s] GC(6) Survivor regions: 4->5(10)
[2021-04-28T12:24:15.675+0530][8.364s] GC(6) Old regions: 17->17
[2021-04-28T12:24:15.675+0530][8.364s] GC(6) Humongous regions: 4->4
[2021-04-28T12:24:15.675+0530][8.364s] GC(6) Metaspace: 35039K->35039K(1081344K)
[2021-04-28T12:24:15.676+0530][8.364s] GC(6) Pause Young (Concurrent Start) (Metadata GC Threshold) 98M->24M(512M) 6.926ms
[2021-04-28T12:24:15.676+0530][8.365s] GC(6) User=0.00s Sys=0.00s Real=0.01s
[2021-04-28T12:24:15.676+0530][8.365s] GC(7) Concurrent Cycle
[2021-04-28T12:24:15.676+0530][8.365s] GC(7) Concurrent Clear Claimed Marks
[2021-04-28T12:24:15.676+0530][8.365s] GC(7) Concurrent Clear Claimed Marks 0.062ms
[2021-04-28T12:24:15.676+0530][8.365s] GC(7) Concurrent Scan Root Regions
[2021-04-28T12:24:15.681+0530][8.370s] GC(7) Concurrent Scan Root Regions 4.747ms
[2021-04-28T12:24:15.681+0530][8.370s] GC(7) Concurrent Mark (8.370s)
[2021-04-28T12:24:15.681+0530][8.370s] GC(7) Concurrent Mark From Roots
[2021-04-28T12:24:15.681+0530][8.370s] GC(7) Using 1 workers of 1 for marking
[2021-04-28T12:24:15.730+0530][8.419s] GC(7) Concurrent Mark From Roots 49.631ms
[2021-04-28T12:24:15.730+0530][8.419s] GC(7) Concurrent Preclean
[2021-04-28T12:24:15.730+0530][8.420s] GC(7) Concurrent Preclean 0.207ms
[2021-04-28T12:24:15.730+0530][8.420s] GC(7) Concurrent Mark (8.370s, 8.420s) 50.004ms
[2021-04-28T12:24:15.730+0530][8.420s] GC(7) Pause Remark
[2021-04-28T12:24:15.735+0530][8.424s] GC(7) Cleaned string and symbol table, strings: 15051 processed, 21 removed, symbols: 111501 processed, 39 removed
[2021-04-28T12:24:15.735+0530][8.425s] GC(7) Pause Remark 26M->26M(512M) 4.779ms
[2021-04-28T12:24:15.735+0530][8.425s] GC(7) User=0.00s Sys=0.00s Real=0.00s
[2021-04-28T12:24:15.735+0530][8.425s] GC(7) Concurrent Rebuild Remembered Sets
[2021-04-28T12:24:15.757+0530][8.446s] GC(7) Concurrent Rebuild Remembered Sets 21.606ms
[2021-04-28T12:24:15.757+0530][8.446s] GC(7) Pause Cleanup
[2021-04-28T12:24:15.757+0530][8.447s] GC(7) Pause Cleanup 26M->26M(512M) 0.128ms
[2021-04-28T12:24:15.757+0530][8.447s] GC(7) User=0.00s Sys=0.00s Real=0.00s
[2021-04-28T12:24:15.757+0530][8.447s] GC(7) Concurrent Cleanup for Next Mark
[2021-04-28T12:24:15.758+0530][8.447s] GC(7) Concurrent Cleanup for Next Mark 0.672ms
[2021-04-28T12:24:15.758+0530][8.447s] GC(7) Concurrent Cycle 82.777ms
[2021-04-28T12:24:18.046+0530][10.735s] GC(8) Pause Young (Concurrent Start) (G1 Evacuation Pause)
[2021-04-28T12:24:18.046+0530][10.736s] GC(8) Using 4 workers of 4 for evacuation
[2021-04-28T12:24:18.062+0530][10.751s] GC(8)   Pre Evacuate Collection Set: 0.1ms
[2021-04-28T12:24:18.062+0530][10.751s] GC(8)   Evacuate Collection Set: 14.3ms
[2021-04-28T12:24:18.062+0530][10.751s] GC(8)   Post Evacuate Collection Set: 0.7ms
[2021-04-28T12:24:18.062+0530][10.751s] GC(8)   Other: 0.4ms
[2021-04-28T12:24:18.062+0530][10.751s] GC(8) Eden regions: 302->0(293)
[2021-04-28T12:24:18.062+0530][10.751s] GC(8) Survivor regions: 5->14(39)
[2021-04-28T12:24:18.062+0530][10.751s] GC(8) Old regions: 17->17
[2021-04-28T12:24:18.062+0530][10.751s] GC(8) Humongous regions: 5->4
[2021-04-28T12:24:18.062+0530][10.751s] GC(8) Metaspace: 45967K->45967K(1091584K)
[2021-04-28T12:24:18.062+0530][10.751s] GC(8) Pause Young (Concurrent Start) (G1 Evacuation Pause) 327M->33M(512M) 15.868ms
[2021-04-28T12:24:18.062+0530][10.751s] GC(8) User=0.06s Sys=0.00s Real=0.02s
[2021-04-28T12:24:18.062+0530][10.751s] GC(9) Concurrent Cycle
[2021-04-28T12:24:18.062+0530][10.751s] GC(9) Concurrent Clear Claimed Marks
[2021-04-28T12:24:18.062+0530][10.752s] GC(9) Concurrent Clear Claimed Marks 0.074ms
[2021-04-28T12:24:18.062+0530][10.752s] GC(9) Concurrent Scan Root Regions
[2021-04-28T12:24:18.076+0530][10.765s] GC(9) Concurrent Scan Root Regions 13.691ms
[2021-04-28T12:24:18.076+0530][10.765s] GC(9) Concurrent Mark (10.765s)
[2021-04-28T12:24:18.076+0530][10.765s] GC(9) Concurrent Mark From Roots
[2021-04-28T12:24:18.076+0530][10.765s] GC(9) Using 1 workers of 1 for marking
[2021-04-28T12:24:18.124+0530][10.813s] GC(9) Concurrent Mark From Roots 47.692ms
[2021-04-28T12:24:18.124+0530][10.813s] GC(9) Concurrent Preclean
[2021-04-28T12:24:18.124+0530][10.813s] GC(9) Concurrent Preclean 0.216ms
[2021-04-28T12:24:18.124+0530][10.813s] GC(9) Concurrent Mark (10.765s, 10.813s) 48.071ms
[2021-04-28T12:24:18.126+0530][10.815s] GC(9) Pause Remark
[2021-04-28T12:24:18.131+0530][10.820s] GC(9) Cleaned string and symbol table, strings: 19806 processed, 0 removed, symbols: 142938 processed, 177 removed
[2021-04-28T12:24:18.131+0530][10.820s] GC(9) Pause Remark 62M->62M(512M) 5.477ms
[2021-04-28T12:24:18.131+0530][10.820s] GC(9) User=0.00s Sys=0.00s Real=0.01s
[2021-04-28T12:24:18.131+0530][10.820s] GC(9) Concurrent Rebuild Remembered Sets
[2021-04-28T12:24:18.155+0530][10.844s] GC(9) Concurrent Rebuild Remembered Sets 24.144ms
[2021-04-28T12:24:18.156+0530][10.845s] GC(9) Pause Cleanup
[2021-04-28T12:24:18.156+0530][10.845s] GC(9) Pause Cleanup 82M->82M(512M) 0.157ms
[2021-04-28T12:24:18.156+0530][10.845s] GC(9) User=0.00s Sys=0.00s Real=0.00s
[2021-04-28T12:24:18.156+0530][10.845s] GC(9) Concurrent Cleanup for Next Mark
[2021-04-28T12:24:18.157+0530][10.846s] GC(9) Concurrent Cleanup for Next Mark 0.716ms
[2021-04-28T12:24:18.157+0530][10.846s] GC(9) Concurrent Cycle 94.195ms
[2021-04-28T12:24:18.871+0530][11.560s] GC(10) Pause Young (Normal) (G1 Evacuation Pause)
[2021-04-28T12:24:18.871+0530][11.561s] GC(10) Using 4 workers of 4 for evacuation
[2021-04-28T12:24:18.892+0530][11.582s] GC(10)   Pre Evacuate Collection Set: 0.0ms
[2021-04-28T12:24:18.892+0530][11.582s] GC(10)   Evacuate Collection Set: 20.5ms
[2021-04-28T12:24:18.892+0530][11.582s] GC(10)   Post Evacuate Collection Set: 0.6ms
[2021-04-28T12:24:18.893+0530][11.582s] GC(10)   Other: 0.3ms
[2021-04-28T12:24:18.893+0530][11.582s] GC(10) Eden regions: 293->0(290)
[2021-04-28T12:24:18.893+0530][11.582s] GC(10) Survivor regions: 14->17(39)
[2021-04-28T12:24:18.893+0530][11.582s] GC(10) Old regions: 17->17
[2021-04-28T12:24:18.893+0530][11.582s] GC(10) Humongous regions: 5->5
[2021-04-28T12:24:18.893+0530][11.582s] GC(10) Metaspace: 48253K->48253K(1093632K)
[2021-04-28T12:24:18.893+0530][11.582s] GC(10) Pause Young (Normal) (G1 Evacuation Pause) 327M->38M(512M) 21.767ms
[2021-04-28T12:24:18.893+0530][11.582s] GC(10) User=0.06s Sys=0.00s Real=0.02s
[2021-04-28T12:26:21.003+0530][133.692s] GC(11) Pause Young (Normal) (G1 Evacuation Pause)
[2021-04-28T12:26:21.003+0530][133.692s] GC(11) Using 4 workers of 4 for evacuation
[2021-04-28T12:26:21.033+0530][133.722s] GC(11)   Pre Evacuate Collection Set: 0.0ms
[2021-04-28T12:26:21.033+0530][133.722s] GC(11)   Evacuate Collection Set: 28.7ms
[2021-04-28T12:26:21.033+0530][133.722s] GC(11)   Post Evacuate Collection Set: 1.0ms
[2021-04-28T12:26:21.033+0530][133.722s] GC(11)   Other: 0.3ms
[2021-04-28T12:26:21.033+0530][133.722s] GC(11) Eden regions: 290->0(279)
[2021-04-28T12:26:21.033+0530][133.722s] GC(11) Survivor regions: 17->28(39)
[2021-04-28T12:26:21.033+0530][133.722s] GC(11) Old regions: 17->17
[2021-04-28T12:26:21.033+0530][133.722s] GC(11) Humongous regions: 5->5
[2021-04-28T12:26:21.034+0530][133.722s] GC(11) Metaspace: 60354K->60354K(1103872K)
[2021-04-28T12:26:21.034+0530][133.723s] GC(11) Pause Young (Normal) (G1 Evacuation Pause) 328M->48M(512M) 30.504ms
[2021-04-28T12:26:21.034+0530][133.723s] GC(11) User=0.11s Sys=0.00s Real=0.03s
[2021-04-28T12:26:23.102+0530][135.791s] GC(12) Pause Young (Normal) (G1 Evacuation Pause)
[2021-04-28T12:26:23.102+0530][135.791s] GC(12) Using 4 workers of 4 for evacuation
[2021-04-28T12:26:23.135+0530][135.825s] GC(12)   Pre Evacuate Collection Set: 0.0ms
[2021-04-28T12:26:23.135+0530][135.825s] GC(12)   Evacuate Collection Set: 32.2ms
[2021-04-28T12:26:23.135+0530][135.825s] GC(12)   Post Evacuate Collection Set: 1.2ms
[2021-04-28T12:26:23.135+0530][135.825s] GC(12)   Other: 0.3ms
[2021-04-28T12:26:23.135+0530][135.825s] GC(12) Eden regions: 279->0(285)
[2021-04-28T12:26:23.135+0530][135.825s] GC(12) Survivor regions: 28->22(39)
[2021-04-28T12:26:23.136+0530][135.825s] GC(12) Old regions: 17->27
[2021-04-28T12:26:23.136+0530][135.825s] GC(12) Humongous regions: 5->5
[2021-04-28T12:26:23.136+0530][135.825s] GC(12) Metaspace: 62902K->62902K(1105920K)
[2021-04-28T12:26:23.136+0530][135.825s] GC(12) Pause Young (Normal) (G1 Evacuation Pause) 327M->53M(512M) 34.028ms
[2021-04-28T12:26:23.136+0530][135.825s] GC(12) User=0.19s Sys=0.00s Real=0.03s
[2021-04-28T12:26:23.653+0530][136.342s] GC(13) Pause Young (Normal) (G1 Evacuation Pause)
[2021-04-28T12:26:23.653+0530][136.342s] GC(13) Using 4 workers of 4 for evacuation
[2021-04-28T12:26:23.677+0530][136.366s] GC(13)   Pre Evacuate Collection Set: 0.0ms
[2021-04-28T12:26:23.677+0530][136.366s] GC(13)   Evacuate Collection Set: 23.0ms
[2021-04-28T12:26:23.677+0530][136.366s] GC(13)   Post Evacuate Collection Set: 0.9ms
[2021-04-28T12:26:23.677+0530][136.366s] GC(13)   Other: 0.3ms
[2021-04-28T12:26:23.677+0530][136.366s] GC(13) Eden regions: 285->0(289)
[2021-04-28T12:26:23.677+0530][136.366s] GC(13) Survivor regions: 22->18(39)
[2021-04-28T12:26:23.678+0530][136.366s] GC(13) Old regions: 27->30
[2021-04-28T12:26:23.678+0530][136.366s] GC(13) Humongous regions: 5->5
[2021-04-28T12:26:23.678+0530][136.366s] GC(13) Metaspace: 63060K->63060K(1105920K)
[2021-04-28T12:26:23.678+0530][136.367s] GC(13) Pause Young (Normal) (G1 Evacuation Pause) 338M->52M(512M) 24.596ms
[2021-04-28T12:26:23.678+0530][136.367s] GC(13) User=0.06s Sys=0.00s Real=0.02s
[2021-04-28T12:54:19.102+0530][1811.792s] Heap
[2021-04-28T12:54:19.102+0530][1811.792s]  garbage-first heap   total 524288K, used 132330K [0x00000000e0000000, 0x0000000100000000)
[2021-04-28T12:54:19.102+0530][1811.792s]   region size 1024K, 96 young (98304K), 18 survivors (18432K)
[2021-04-28T12:54:19.102+0530][1811.792s]  Metaspace       used 63668K, capacity 65193K, committed 65456K, reserved 1107968K
[2021-04-28T12:54:19.103+0530][1811.792s]   class space    used 7204K, capacity 7856K, committed 7936K, reserved 1048576K
