[2021-04-28T12:54:20.073+0530][0.033s] Heap region size: 1M
[2021-04-28T12:54:20.450+0530][0.410s] Using G1
[2021-04-28T12:54:20.450+0530][0.410s] Heap address: 0x00000000e0000000, size: 512 MB, Compressed Oops mode: 32-bit
[2021-04-28T12:54:22.538+0530][2.497s] GC(0) Pause Young (Normal) (G1 Evacuation Pause)
[2021-04-28T12:54:22.538+0530][2.498s] GC(0) Using 4 workers of 4 for evacuation
[2021-04-28T12:54:22.593+0530][2.552s] GC(0)   Pre Evacuate Collection Set: 0.0ms
[2021-04-28T12:54:22.593+0530][2.552s] GC(0)   Evacuate Collection Set: 53.9ms
[2021-04-28T12:54:22.593+0530][2.552s] GC(0)   Post Evacuate Collection Set: 0.4ms
[2021-04-28T12:54:22.593+0530][2.552s] GC(0)   Other: 0.6ms
[2021-04-28T12:54:22.593+0530][2.552s] GC(0) Eden regions: 25->0(23)
[2021-04-28T12:54:22.606+0530][2.565s] GC(0) Survivor regions: 0->4(4)
[2021-04-28T12:54:22.606+0530][2.565s] GC(0) Old regions: 0->3
[2021-04-28T12:54:22.606+0530][2.565s] GC(0) Humongous regions: 0->0
[2021-04-28T12:54:22.606+0530][2.565s] GC(0) Metaspace: 9419K->9419K(1058816K)
[2021-04-28T12:54:22.606+0530][2.565s] GC(0) Pause Young (Normal) (G1 Evacuation Pause) 25M->6M(512M) 68.107ms
[2021-04-28T12:54:22.606+0530][2.565s] GC(0) User=0.03s Sys=0.02s Real=0.07s
[2021-04-28T12:54:23.127+0530][3.086s] GC(1) Pause Young (Normal) (G1 Evacuation Pause)
[2021-04-28T12:54:23.127+0530][3.086s] GC(1) Using 4 workers of 4 for evacuation
[2021-04-28T12:54:23.131+0530][3.090s] GC(1)   Pre Evacuate Collection Set: 0.0ms
[2021-04-28T12:54:23.131+0530][3.090s] GC(1)   Evacuate Collection Set: 3.3ms
[2021-04-28T12:54:23.131+0530][3.090s] GC(1)   Post Evacuate Collection Set: 0.3ms
[2021-04-28T12:54:23.131+0530][3.090s] GC(1)   Other: 0.2ms
[2021-04-28T12:54:23.131+0530][3.090s] GC(1) Eden regions: 21->0(42)
[2021-04-28T12:54:23.131+0530][3.090s] GC(1) Survivor regions: 4->1(4)
[2021-04-28T12:54:23.131+0530][3.090s] GC(1) Old regions: 3->7
[2021-04-28T12:54:23.131+0530][3.090s] GC(1) Humongous regions: 0->0
[2021-04-28T12:54:23.131+0530][3.090s] GC(1) Metaspace: 11989K->11989K(1060864K)
[2021-04-28T12:54:23.131+0530][3.090s] GC(1) Pause Young (Normal) (G1 Evacuation Pause) 27M->7M(512M) 4.293ms
[2021-04-28T12:54:23.131+0530][3.090s] GC(1) User=0.00s Sys=0.00s Real=0.00s
[2021-04-28T12:54:23.913+0530][3.872s] GC(2) Pause Young (Normal) (G1 Evacuation Pause)
[2021-04-28T12:54:23.913+0530][3.872s] GC(2) Using 4 workers of 4 for evacuation
[2021-04-28T12:54:23.918+0530][3.877s] GC(2)   Pre Evacuate Collection Set: 0.0ms
[2021-04-28T12:54:23.918+0530][3.877s] GC(2)   Evacuate Collection Set: 4.4ms
[2021-04-28T12:54:23.918+0530][3.877s] GC(2)   Post Evacuate Collection Set: 0.4ms
[2021-04-28T12:54:23.918+0530][3.877s] GC(2)   Other: 0.2ms
[2021-04-28T12:54:23.918+0530][3.877s] GC(2) Eden regions: 42->0(57)
[2021-04-28T12:54:23.918+0530][3.877s] GC(2) Survivor regions: 1->3(6)
[2021-04-28T12:54:23.918+0530][3.877s] GC(2) Old regions: 7->7
[2021-04-28T12:54:23.918+0530][3.877s] GC(2) Humongous regions: 0->0
[2021-04-28T12:54:23.918+0530][3.878s] GC(2) Metaspace: 17392K->17392K(1064960K)
[2021-04-28T12:54:23.918+0530][3.878s] GC(2) Pause Young (Normal) (G1 Evacuation Pause) 49M->9M(512M) 5.365ms
[2021-04-28T12:54:23.918+0530][3.878s] GC(2) User=0.06s Sys=0.00s Real=0.00s
[2021-04-28T12:54:24.307+0530][4.266s] GC(3) Pause Young (Concurrent Start) (Metadata GC Threshold)
[2021-04-28T12:54:24.307+0530][4.266s] GC(3) Using 4 workers of 4 for evacuation
[2021-04-28T12:54:24.320+0530][4.279s] GC(3)   Pre Evacuate Collection Set: 0.0ms
[2021-04-28T12:54:24.320+0530][4.279s] GC(3)   Evacuate Collection Set: 12.1ms
[2021-04-28T12:54:24.320+0530][4.279s] GC(3)   Post Evacuate Collection Set: 0.4ms
[2021-04-28T12:54:24.320+0530][4.279s] GC(3)   Other: 0.2ms
[2021-04-28T12:54:24.320+0530][4.279s] GC(3) Eden regions: 19->0(58)
[2021-04-28T12:54:24.320+0530][4.279s] GC(3) Survivor regions: 3->8(8)
[2021-04-28T12:54:24.320+0530][4.279s] GC(3) Old regions: 7->9
[2021-04-28T12:54:24.320+0530][4.279s] GC(3) Humongous regions: 4->4
[2021-04-28T12:54:24.320+0530][4.279s] GC(3) Metaspace: 20719K->20719K(1069056K)
[2021-04-28T12:54:24.320+0530][4.279s] GC(3) Pause Young (Concurrent Start) (Metadata GC Threshold) 32M->20M(512M) 13.184ms
[2021-04-28T12:54:24.320+0530][4.279s] GC(3) User=0.00s Sys=0.00s Real=0.01s
[2021-04-28T12:54:24.320+0530][4.279s] GC(4) Concurrent Cycle
[2021-04-28T12:54:24.320+0530][4.279s] GC(4) Concurrent Clear Claimed Marks
[2021-04-28T12:54:24.320+0530][4.279s] GC(4) Concurrent Clear Claimed Marks 0.045ms
[2021-04-28T12:54:24.320+0530][4.279s] GC(4) Concurrent Scan Root Regions
[2021-04-28T12:54:24.328+0530][4.287s] GC(4) Concurrent Scan Root Regions 7.819ms
[2021-04-28T12:54:24.328+0530][4.287s] GC(4) Concurrent Mark (4.287s)
[2021-04-28T12:54:24.328+0530][4.287s] GC(4) Concurrent Mark From Roots
[2021-04-28T12:54:24.328+0530][4.287s] GC(4) Using 1 workers of 1 for marking
[2021-04-28T12:54:24.345+0530][4.305s] GC(4) Concurrent Mark From Roots 18.096ms
[2021-04-28T12:54:24.345+0530][4.306s] GC(4) Concurrent Preclean
[2021-04-28T12:54:24.346+0530][4.306s] GC(4) Concurrent Preclean 0.170ms
[2021-04-28T12:54:24.346+0530][4.306s] GC(4) Concurrent Mark (4.287s, 4.306s) 18.399ms
[2021-04-28T12:54:24.346+0530][4.306s] GC(4) Pause Remark
[2021-04-28T12:54:24.348+0530][4.308s] GC(4) Cleaned string and symbol table, strings: 9578 processed, 1 removed, symbols: 68444 processed, 19 removed
[2021-04-28T12:54:24.348+0530][4.308s] GC(4) Pause Remark 22M->22M(512M) 2.164ms
[2021-04-28T12:54:24.348+0530][4.308s] GC(4) User=0.00s Sys=0.00s Real=0.00s
[2021-04-28T12:54:24.348+0530][4.308s] GC(4) Concurrent Rebuild Remembered Sets
[2021-04-28T12:54:24.358+0530][4.318s] GC(4) Concurrent Rebuild Remembered Sets 9.456ms
[2021-04-28T12:54:24.358+0530][4.318s] GC(4) Pause Cleanup
[2021-04-28T12:54:24.358+0530][4.318s] GC(4) Pause Cleanup 23M->23M(512M) 0.165ms
[2021-04-28T12:54:24.358+0530][4.318s] GC(4) User=0.00s Sys=0.00s Real=0.00s
[2021-04-28T12:54:24.358+0530][4.318s] GC(4) Concurrent Cleanup for Next Mark
[2021-04-28T12:54:24.359+0530][4.319s] GC(4) Concurrent Cleanup for Next Mark 0.679ms
[2021-04-28T12:54:24.359+0530][4.319s] GC(4) Concurrent Cycle 39.544ms
[2021-04-28T12:54:25.761+0530][5.720s] GC(5) Pause Young (Normal) (G1 Evacuation Pause)
[2021-04-28T12:54:25.761+0530][5.720s] GC(5) Using 4 workers of 4 for evacuation
[2021-04-28T12:54:25.775+0530][5.734s] GC(5)   Pre Evacuate Collection Set: 0.0ms
[2021-04-28T12:54:25.775+0530][5.734s] GC(5)   Evacuate Collection Set: 13.1ms
[2021-04-28T12:54:25.775+0530][5.734s] GC(5)   Post Evacuate Collection Set: 1.0ms
[2021-04-28T12:54:25.775+0530][5.734s] GC(5)   Other: 0.2ms
[2021-04-28T12:54:25.775+0530][5.735s] GC(5) Eden regions: 55->0(81)
[2021-04-28T12:54:25.775+0530][5.735s] GC(5) Survivor regions: 8->4(8)
[2021-04-28T12:54:25.775+0530][5.735s] GC(5) Old regions: 9->17
[2021-04-28T12:54:25.775+0530][5.735s] GC(5) Humongous regions: 4->4
[2021-04-28T12:54:25.775+0530][5.735s] GC(5) Metaspace: 26447K->26447K(1073152K)
[2021-04-28T12:54:25.775+0530][5.735s] GC(5) Pause Young (Normal) (G1 Evacuation Pause) 75M->24M(512M) 14.650ms
[2021-04-28T12:54:25.775+0530][5.735s] GC(5) User=0.02s Sys=0.00s Real=0.01s
[2021-04-28T12:54:27.098+0530][7.057s] GC(6) Pause Young (Concurrent Start) (Metadata GC Threshold)
[2021-04-28T12:54:27.098+0530][7.057s] GC(6) Using 4 workers of 4 for evacuation
[2021-04-28T12:54:27.106+0530][7.065s] GC(6)   Pre Evacuate Collection Set: 0.1ms
[2021-04-28T12:54:27.106+0530][7.065s] GC(6)   Evacuate Collection Set: 7.4ms
[2021-04-28T12:54:27.106+0530][7.065s] GC(6)   Post Evacuate Collection Set: 0.4ms
[2021-04-28T12:54:27.106+0530][7.065s] GC(6)   Other: 0.3ms
[2021-04-28T12:54:27.106+0530][7.065s] GC(6) Eden regions: 67->0(302)
[2021-04-28T12:54:27.106+0530][7.065s] GC(6) Survivor regions: 4->5(11)
[2021-04-28T12:54:27.106+0530][7.065s] GC(6) Old regions: 17->17
[2021-04-28T12:54:27.106+0530][7.065s] GC(6) Humongous regions: 4->4
[2021-04-28T12:54:27.106+0530][7.065s] GC(6) Metaspace: 35077K->35077K(1081344K)
[2021-04-28T12:54:27.106+0530][7.065s] GC(6) Pause Young (Concurrent Start) (Metadata GC Threshold) 90M->24M(512M) 8.454ms
[2021-04-28T12:54:27.106+0530][7.065s] GC(6) User=0.06s Sys=0.00s Real=0.01s
[2021-04-28T12:54:27.106+0530][7.066s] GC(7) Concurrent Cycle
[2021-04-28T12:54:27.106+0530][7.066s] GC(7) Concurrent Clear Claimed Marks
[2021-04-28T12:54:27.107+0530][7.066s] GC(7) Concurrent Clear Claimed Marks 0.076ms
[2021-04-28T12:54:27.107+0530][7.066s] GC(7) Concurrent Scan Root Regions
[2021-04-28T12:54:27.111+0530][7.070s] GC(7) Concurrent Scan Root Regions 4.627ms
[2021-04-28T12:54:27.111+0530][7.070s] GC(7) Concurrent Mark (7.070s)
[2021-04-28T12:54:27.111+0530][7.070s] GC(7) Concurrent Mark From Roots
[2021-04-28T12:54:27.111+0530][7.070s] GC(7) Using 1 workers of 1 for marking
[2021-04-28T12:54:27.161+0530][7.121s] GC(7) Concurrent Mark From Roots 51.041ms
[2021-04-28T12:54:27.162+0530][7.122s] GC(7) Concurrent Preclean
[2021-04-28T12:54:27.162+0530][7.122s] GC(7) Concurrent Preclean 0.215ms
[2021-04-28T12:54:27.162+0530][7.122s] GC(7) Concurrent Mark (7.070s, 7.122s) 51.412ms
[2021-04-28T12:54:27.162+0530][7.122s] GC(7) Pause Remark
[2021-04-28T12:54:27.170+0530][7.130s] GC(7) Cleaned string and symbol table, strings: 15234 processed, 21 removed, symbols: 112204 processed, 39 removed
[2021-04-28T12:54:27.170+0530][7.130s] GC(7) Pause Remark 26M->26M(512M) 7.481ms
[2021-04-28T12:54:27.170+0530][7.130s] GC(7) User=0.06s Sys=0.00s Real=0.01s
[2021-04-28T12:54:27.170+0530][7.130s] GC(7) Concurrent Rebuild Remembered Sets
[2021-04-28T12:54:27.194+0530][7.154s] GC(7) Concurrent Rebuild Remembered Sets 24.031ms
[2021-04-28T12:54:27.197+0530][7.157s] GC(7) Pause Cleanup
[2021-04-28T12:54:27.197+0530][7.157s] GC(7) Pause Cleanup 26M->26M(512M) 0.171ms
[2021-04-28T12:54:27.197+0530][7.157s] GC(7) User=0.00s Sys=0.00s Real=0.00s
[2021-04-28T12:54:27.197+0530][7.157s] GC(7) Concurrent Cleanup for Next Mark
[2021-04-28T12:54:27.198+0530][7.158s] GC(7) Concurrent Cleanup for Next Mark 0.752ms
[2021-04-28T12:54:27.198+0530][7.158s] GC(7) Concurrent Cycle 92.459ms
[2021-04-28T12:54:29.525+0530][9.485s] GC(8) Pause Young (Concurrent Start) (G1 Evacuation Pause)
[2021-04-28T12:54:29.525+0530][9.485s] GC(8) Using 4 workers of 4 for evacuation
[2021-04-28T12:54:29.540+0530][9.499s] GC(8)   Pre Evacuate Collection Set: 0.1ms
[2021-04-28T12:54:29.540+0530][9.499s] GC(8)   Evacuate Collection Set: 13.1ms
[2021-04-28T12:54:29.540+0530][9.499s] GC(8)   Post Evacuate Collection Set: 0.7ms
[2021-04-28T12:54:29.540+0530][9.499s] GC(8)   Other: 0.4ms
[2021-04-28T12:54:29.540+0530][9.499s] GC(8) Eden regions: 302->0(293)
[2021-04-28T12:54:29.540+0530][9.499s] GC(8) Survivor regions: 5->14(39)
[2021-04-28T12:54:29.540+0530][9.499s] GC(8) Old regions: 17->17
[2021-04-28T12:54:29.540+0530][9.499s] GC(8) Humongous regions: 5->4
[2021-04-28T12:54:29.540+0530][9.499s] GC(8) Metaspace: 46081K->46081K(1091584K)
[2021-04-28T12:54:29.540+0530][9.499s] GC(8) Pause Young (Concurrent Start) (G1 Evacuation Pause) 327M->33M(512M) 14.718ms
[2021-04-28T12:54:29.540+0530][9.499s] GC(8) User=0.00s Sys=0.00s Real=0.01s
[2021-04-28T12:54:29.540+0530][9.499s] GC(9) Concurrent Cycle
[2021-04-28T12:54:29.540+0530][9.499s] GC(9) Concurrent Clear Claimed Marks
[2021-04-28T12:54:29.540+0530][9.499s] GC(9) Concurrent Clear Claimed Marks 0.074ms
[2021-04-28T12:54:29.540+0530][9.500s] GC(9) Concurrent Scan Root Regions
[2021-04-28T12:54:29.553+0530][9.513s] GC(9) Concurrent Scan Root Regions 13.112ms
[2021-04-28T12:54:29.554+0530][9.513s] GC(9) Concurrent Mark (9.513s)
[2021-04-28T12:54:29.554+0530][9.513s] GC(9) Concurrent Mark From Roots
[2021-04-28T12:54:29.554+0530][9.513s] GC(9) Using 1 workers of 1 for marking
[2021-04-28T12:54:29.601+0530][9.561s] GC(9) Concurrent Mark From Roots 48.318ms
[2021-04-28T12:54:29.601+0530][9.561s] GC(9) Concurrent Preclean
[2021-04-28T12:54:29.601+0530][9.561s] GC(9) Concurrent Preclean 0.224ms
[2021-04-28T12:54:29.601+0530][9.561s] GC(9) Concurrent Mark (9.513s, 9.561s) 48.713ms
[2021-04-28T12:54:29.604+0530][9.564s] GC(9) Pause Remark
[2021-04-28T12:54:29.611+0530][9.571s] GC(9) Cleaned string and symbol table, strings: 19962 processed, 0 removed, symbols: 143634 processed, 178 removed
[2021-04-28T12:54:29.612+0530][9.572s] GC(9) Pause Remark 58M->58M(512M) 7.325ms
[2021-04-28T12:54:29.612+0530][9.572s] GC(9) User=0.00s Sys=0.00s Real=0.01s
[2021-04-28T12:54:29.612+0530][9.572s] GC(9) Concurrent Rebuild Remembered Sets
[2021-04-28T12:54:29.635+0530][9.595s] GC(9) Concurrent Rebuild Remembered Sets 23.030ms
[2021-04-28T12:54:29.635+0530][9.595s] GC(9) Pause Cleanup
[2021-04-28T12:54:29.635+0530][9.595s] GC(9) Pause Cleanup 66M->66M(512M) 0.153ms
[2021-04-28T12:54:29.635+0530][9.595s] GC(9) User=0.00s Sys=0.00s Real=0.00s
[2021-04-28T12:54:29.635+0530][9.595s] GC(9) Concurrent Cleanup for Next Mark
[2021-04-28T12:54:29.636+0530][9.596s] GC(9) Concurrent Cleanup for Next Mark 0.740ms
[2021-04-28T12:54:29.636+0530][9.596s] GC(9) Concurrent Cycle 96.760ms
[2021-04-28T12:54:30.654+0530][10.613s] GC(10) Pause Young (Normal) (G1 Evacuation Pause)
[2021-04-28T12:54:30.654+0530][10.613s] GC(10) Using 4 workers of 4 for evacuation
[2021-04-28T12:54:30.671+0530][10.631s] GC(10)   Pre Evacuate Collection Set: 0.0ms
[2021-04-28T12:54:30.671+0530][10.631s] GC(10)   Evacuate Collection Set: 16.8ms
[2021-04-28T12:54:30.671+0530][10.631s] GC(10)   Post Evacuate Collection Set: 0.6ms
[2021-04-28T12:54:30.672+0530][10.631s] GC(10)   Other: 0.2ms
[2021-04-28T12:54:30.672+0530][10.631s] GC(10) Eden regions: 293->0(289)
[2021-04-28T12:54:30.672+0530][10.631s] GC(10) Survivor regions: 14->18(39)
[2021-04-28T12:54:30.672+0530][10.631s] GC(10) Old regions: 17->17
[2021-04-28T12:54:30.672+0530][10.631s] GC(10) Humongous regions: 5->5
[2021-04-28T12:54:30.672+0530][10.631s] GC(10) Metaspace: 48702K->48702K(1093632K)
[2021-04-28T12:54:30.672+0530][10.631s] GC(10) Pause Young (Normal) (G1 Evacuation Pause) 327M->39M(512M) 17.975ms
[2021-04-28T12:54:30.672+0530][10.631s] GC(10) User=0.06s Sys=0.00s Real=0.02s
[2021-04-28T13:33:29.520+0530][2349.480s] GC(11) Pause Young (Normal) (G1 Evacuation Pause)
[2021-04-28T13:33:29.520+0530][2349.480s] GC(11) Using 4 workers of 4 for evacuation
[2021-04-28T13:33:29.554+0530][2349.514s] GC(11)   Pre Evacuate Collection Set: 0.0ms
[2021-04-28T13:33:29.554+0530][2349.514s] GC(11)   Evacuate Collection Set: 32.2ms
[2021-04-28T13:33:29.554+0530][2349.514s] GC(11)   Post Evacuate Collection Set: 1.9ms
[2021-04-28T13:33:29.555+0530][2349.514s] GC(11)   Other: 0.4ms
[2021-04-28T13:33:29.555+0530][2349.514s] GC(11) Eden regions: 289->0(279)
[2021-04-28T13:33:29.555+0530][2349.514s] GC(11) Survivor regions: 18->28(39)
[2021-04-28T13:33:29.555+0530][2349.514s] GC(11) Old regions: 17->17
[2021-04-28T13:33:29.555+0530][2349.514s] GC(11) Humongous regions: 5->5
[2021-04-28T13:33:29.555+0530][2349.514s] GC(11) Metaspace: 59791K->59791K(1103872K)
[2021-04-28T13:33:29.555+0530][2349.514s] GC(11) Pause Young (Normal) (G1 Evacuation Pause) 328M->49M(512M) 34.854ms
[2021-04-28T13:33:29.555+0530][2349.514s] GC(11) User=0.09s Sys=0.03s Real=0.04s
[2021-04-28T13:37:42.356+0530][2602.316s] Heap
[2021-04-28T13:37:42.356+0530][2602.316s]  garbage-first heap   total 524288K, used 68692K [0x00000000e0000000, 0x0000000100000000)
[2021-04-28T13:37:42.356+0530][2602.316s]   region size 1024K, 47 young (48128K), 28 survivors (28672K)
[2021-04-28T13:37:42.356+0530][2602.316s]  Metaspace       used 60211K, capacity 61677K, committed 61744K, reserved 1103872K
[2021-04-28T13:37:42.356+0530][2602.316s]   class space    used 6930K, capacity 7498K, committed 7552K, reserved 1048576K
